Component: ARM Compiler 5.06 update 6 (build 750) Tool: armlink [4d35ed]

==============================================================================

Section Cross References

    osekintro_example5.o(.text) refers to task.o(.text) for StartOS
    osekintro_example5.o(.text) refers to gpio.o(i.GPIOPinWrite) for GPIOPinWrite
    osekintro_example5.o(.text) refers to sysctl.o(.emb_text) for SysCtlDelay
    osekintro_example5.o(.text) refers to gpio.o(i.GPIOPinRead) for GPIOPinRead
    osekintro_example5.o(.text) refers to sysctl.o(i.SysCtlPeripheralEnable) for SysCtlPeripheralEnable
    osekintro_example5.o(.text) refers to gpio.o(i.GPIOPinTypeGPIOOutput) for GPIOPinTypeGPIOOutput
    osekintro_example5.o(.text) refers to gpio.o(i.GPIOPinTypeGPIOInput) for GPIOPinTypeGPIOInput
    osekintro_example5.o(.text) refers to gpio.o(i.GPIOPadConfigSet) for GPIOPadConfigSet
    counter.o(.text) refers to oscfg.o(.constdata) for OsCfg_SYSTEM_TICK_IN_MS
    counter.o(.text) refers to counter.o(.data) for OsCnt_SystemCounter
    keiluvisoin_startup.o(RESET) refers to keiluvisoin_startup.o(STACK) for __initial_sp
    keiluvisoin_startup.o(RESET) refers to keiluvisoin_startup.o(.text) for Reset_Handler
    keiluvisoin_startup.o(RESET) refers to task.o(.text) for SVC_Dispatcher
    keiluvisoin_startup.o(RESET) refers to port.o(.text) for OsPort_PendSVHandler
    keiluvisoin_startup.o(RESET) refers to alarm.o(.text) for SystemTimerHandler
    keiluvisoin_startup.o(.text) refers to osekintro_example5.o(.text) for SystemInit
    keiluvisoin_startup.o(.text) refers to entry.o(.ARM.Collect$$$$00000000) for __main
    oscfg.o(.data) refers to osekintro_example5.o(.text) for OsTask_Task_White
    oscfg.o(.data) refers to task.o(.text) for OsTask_IdleMechanism
    alarm.o(.text) refers to counter.o(.text) for OsCnt_GetSystemCounter
    alarm.o(.text) refers to tcbprocessor.o(.text) for OsTcb_GetTaskStateProcessor
    alarm.o(.text) refers to errmgr.o(.text) for OsErrMgr_SetServiceID
    alarm.o(.text) refers to hook.o(.text) for ErrorHook
    alarm.o(.text) refers to port.o(.text) for OsPort_PushUpperContext
    alarm.o(.text) refers to oscfg.o(.bss) for OsCfg_Alarms
    alarm.o(.text) refers to oscfg.o(.constdata) for OsCfg_USE_ERROR_HOOK
    task.o(.text) refers to tcbprocessor.o(.text) for OsTcb_TasksInit
    task.o(.text) refers to hook.o(.text) for StartupHook
    task.o(.text) refers to counter.o(.text) for SysTick_Init
    task.o(.text) refers to port.o(.text) for OsPort_JumpToApp
    task.o(.text) refers to svccontext.o(.text) for SVCCnxt_TskMgrSetTskID
    task.o(.text) refers to portable.o(.text) for OsPort_GetPSP
    task.o(.text) refers to rcbprocessor.o(.text) for OsRes_GetResourceProcessor
    task.o(.text) refers to oscfg.o(.constdata) for OsCfg_USE_STARTUP_HOOK
    port.o(.text) refers to portable.o(.text) for OsPort_SetThreadMode
    port.o(.text) refers to tcbprocessor.o(.text) for OsTcb_GetCurrentTCBRef
    gpio.o(i.GPIOIntRegister) refers to gpio.o(i._GPIOIntNumberGet) for _GPIOIntNumberGet
    gpio.o(i.GPIOIntRegister) refers to interrupt.o(i.IntRegister) for IntRegister
    gpio.o(i.GPIOIntRegister) refers to interrupt.o(i.IntEnable) for IntEnable
    gpio.o(i.GPIOIntRegisterPin) refers to gpio.o(i._GPIOIntNumberGet) for _GPIOIntNumberGet
    gpio.o(i.GPIOIntRegisterPin) refers to interrupt.o(i.IntRegister) for IntRegister
    gpio.o(i.GPIOIntRegisterPin) refers to interrupt.o(i.IntEnable) for IntEnable
    gpio.o(i.GPIOIntUnregister) refers to gpio.o(i._GPIOIntNumberGet) for _GPIOIntNumberGet
    gpio.o(i.GPIOIntUnregister) refers to interrupt.o(i.IntDisable) for IntDisable
    gpio.o(i.GPIOIntUnregister) refers to interrupt.o(i.IntUnregister) for IntUnregister
    gpio.o(i.GPIOIntUnregisterPin) refers to gpio.o(i._GPIOIntNumberGet) for _GPIOIntNumberGet
    gpio.o(i.GPIOIntUnregisterPin) refers to interrupt.o(i.IntDisable) for IntDisable
    gpio.o(i.GPIOIntUnregisterPin) refers to interrupt.o(i.IntUnregister) for IntUnregister
    gpio.o(i.GPIOPinConfigure) refers to gpio.o(.constdata) for .constdata
    gpio.o(i.GPIOPinTypeADC) refers to gpio.o(i.GPIODirModeSet) for GPIODirModeSet
    gpio.o(i.GPIOPinTypeADC) refers to gpio.o(i.GPIOPadConfigSet) for GPIOPadConfigSet
    gpio.o(i.GPIOPinTypeCAN) refers to gpio.o(i.GPIODirModeSet) for GPIODirModeSet
    gpio.o(i.GPIOPinTypeCAN) refers to gpio.o(i.GPIOPadConfigSet) for GPIOPadConfigSet
    gpio.o(i.GPIOPinTypeComparator) refers to gpio.o(i.GPIODirModeSet) for GPIODirModeSet
    gpio.o(i.GPIOPinTypeComparator) refers to gpio.o(i.GPIOPadConfigSet) for GPIOPadConfigSet
    gpio.o(i.GPIOPinTypeComparatorOutput) refers to gpio.o(i.GPIODirModeSet) for GPIODirModeSet
    gpio.o(i.GPIOPinTypeComparatorOutput) refers to gpio.o(i.GPIOPadConfigSet) for GPIOPadConfigSet
    gpio.o(i.GPIOPinTypeDIVSCLK) refers to gpio.o(i.GPIODirModeSet) for GPIODirModeSet
    gpio.o(i.GPIOPinTypeDIVSCLK) refers to gpio.o(i.GPIOPadConfigSet) for GPIOPadConfigSet
    gpio.o(i.GPIOPinTypeEPI) refers to gpio.o(i.GPIODirModeSet) for GPIODirModeSet
    gpio.o(i.GPIOPinTypeEPI) refers to gpio.o(i.GPIOPadConfigSet) for GPIOPadConfigSet
    gpio.o(i.GPIOPinTypeEthernetLED) refers to gpio.o(i.GPIODirModeSet) for GPIODirModeSet
    gpio.o(i.GPIOPinTypeEthernetLED) refers to gpio.o(i.GPIOPadConfigSet) for GPIOPadConfigSet
    gpio.o(i.GPIOPinTypeEthernetMII) refers to gpio.o(i.GPIODirModeSet) for GPIODirModeSet
    gpio.o(i.GPIOPinTypeEthernetMII) refers to gpio.o(i.GPIOPadConfigSet) for GPIOPadConfigSet
    gpio.o(i.GPIOPinTypeGPIOInput) refers to gpio.o(i.GPIODirModeSet) for GPIODirModeSet
    gpio.o(i.GPIOPinTypeGPIOInput) refers to gpio.o(i.GPIOPadConfigSet) for GPIOPadConfigSet
    gpio.o(i.GPIOPinTypeGPIOOutput) refers to gpio.o(i.GPIOPadConfigSet) for GPIOPadConfigSet
    gpio.o(i.GPIOPinTypeGPIOOutput) refers to gpio.o(i.GPIODirModeSet) for GPIODirModeSet
    gpio.o(i.GPIOPinTypeGPIOOutputOD) refers to gpio.o(i.GPIOPadConfigSet) for GPIOPadConfigSet
    gpio.o(i.GPIOPinTypeGPIOOutputOD) refers to gpio.o(i.GPIODirModeSet) for GPIODirModeSet
    gpio.o(i.GPIOPinTypeHibernateRTCCLK) refers to gpio.o(i.GPIODirModeSet) for GPIODirModeSet
    gpio.o(i.GPIOPinTypeHibernateRTCCLK) refers to gpio.o(i.GPIOPadConfigSet) for GPIOPadConfigSet
    gpio.o(i.GPIOPinTypeI2C) refers to gpio.o(i.GPIODirModeSet) for GPIODirModeSet
    gpio.o(i.GPIOPinTypeI2C) refers to gpio.o(i.GPIOPadConfigSet) for GPIOPadConfigSet
    gpio.o(i.GPIOPinTypeI2CSCL) refers to gpio.o(i.GPIODirModeSet) for GPIODirModeSet
    gpio.o(i.GPIOPinTypeI2CSCL) refers to gpio.o(i.GPIOPadConfigSet) for GPIOPadConfigSet
    gpio.o(i.GPIOPinTypeLCD) refers to gpio.o(i.GPIODirModeSet) for GPIODirModeSet
    gpio.o(i.GPIOPinTypeLCD) refers to gpio.o(i.GPIOPadConfigSet) for GPIOPadConfigSet
    gpio.o(i.GPIOPinTypeOneWire) refers to gpio.o(i.GPIODirModeSet) for GPIODirModeSet
    gpio.o(i.GPIOPinTypeOneWire) refers to gpio.o(i.GPIOPadConfigSet) for GPIOPadConfigSet
    gpio.o(i.GPIOPinTypePWM) refers to gpio.o(i.GPIODirModeSet) for GPIODirModeSet
    gpio.o(i.GPIOPinTypePWM) refers to gpio.o(i.GPIOPadConfigSet) for GPIOPadConfigSet
    gpio.o(i.GPIOPinTypeQEI) refers to gpio.o(i.GPIODirModeSet) for GPIODirModeSet
    gpio.o(i.GPIOPinTypeQEI) refers to gpio.o(i.GPIOPadConfigSet) for GPIOPadConfigSet
    gpio.o(i.GPIOPinTypeSSI) refers to gpio.o(i.GPIODirModeSet) for GPIODirModeSet
    gpio.o(i.GPIOPinTypeSSI) refers to gpio.o(i.GPIOPadConfigSet) for GPIOPadConfigSet
    gpio.o(i.GPIOPinTypeTimer) refers to gpio.o(i.GPIODirModeSet) for GPIODirModeSet
    gpio.o(i.GPIOPinTypeTimer) refers to gpio.o(i.GPIOPadConfigSet) for GPIOPadConfigSet
    gpio.o(i.GPIOPinTypeTrace) refers to gpio.o(i.GPIODirModeSet) for GPIODirModeSet
    gpio.o(i.GPIOPinTypeTrace) refers to gpio.o(i.GPIOPadConfigSet) for GPIOPadConfigSet
    gpio.o(i.GPIOPinTypeUART) refers to gpio.o(i.GPIODirModeSet) for GPIODirModeSet
    gpio.o(i.GPIOPinTypeUART) refers to gpio.o(i.GPIOPadConfigSet) for GPIOPadConfigSet
    gpio.o(i.GPIOPinTypeUSBAnalog) refers to gpio.o(i.GPIODirModeSet) for GPIODirModeSet
    gpio.o(i.GPIOPinTypeUSBAnalog) refers to gpio.o(i.GPIOPadConfigSet) for GPIOPadConfigSet
    gpio.o(i.GPIOPinTypeUSBDigital) refers to gpio.o(i.GPIODirModeSet) for GPIODirModeSet
    gpio.o(i.GPIOPinTypeUSBDigital) refers to gpio.o(i.GPIOPadConfigSet) for GPIOPadConfigSet
    gpio.o(i.GPIOPinTypeWakeHigh) refers to gpio.o(i.GPIODirModeSet) for GPIODirModeSet
    gpio.o(i.GPIOPinTypeWakeHigh) refers to gpio.o(i.GPIOPadConfigSet) for GPIOPadConfigSet
    gpio.o(i.GPIOPinTypeWakeLow) refers to gpio.o(i.GPIODirModeSet) for GPIODirModeSet
    gpio.o(i.GPIOPinTypeWakeLow) refers to gpio.o(i.GPIOPadConfigSet) for GPIOPadConfigSet
    gpio.o(i._GPIOIntNumberGet) refers to gpio.o(.constdata) for .constdata
    sysctl.o(i.SysCtlClockFreqSet) refers to sysctl.o(.constdata) for .constdata
    sysctl.o(i.SysCtlClockGet) refers to sysctl.o(.constdata) for .constdata
    sysctl.o(i.SysCtlClockSet) refers to sysctl.o(.emb_text) for SysCtlDelay
    sysctl.o(i.SysCtlDeepSleep) refers to cpu.o(.emb_text) for CPUwfi
    sysctl.o(i.SysCtlIntRegister) refers to interrupt.o(i.IntRegister) for IntRegister
    sysctl.o(i.SysCtlIntRegister) refers to interrupt.o(i.IntEnable) for IntEnable
    sysctl.o(i.SysCtlIntUnregister) refers to interrupt.o(i.IntDisable) for IntDisable
    sysctl.o(i.SysCtlIntUnregister) refers to interrupt.o(i.IntUnregister) for IntUnregister
    sysctl.o(i.SysCtlSleep) refers to cpu.o(.emb_text) for CPUwfi
    sysctl.o(i.SysCtlVCOGet) refers to sysctl.o(.constdata) for .constdata
    errmgr.o(.text) refers to errmgr.o(.data) for OsErrMgr_DetectedService
    rcbprocessor.o(.text) refers to tcbprocessor.o(.text) for OsTcb_GetTaskIDProcessor
    rcbprocessor.o(.text) refers to svccontext.o(.text) for SVCCnxt_ResMgrGetResID
    rcbprocessor.o(.text) refers to errmgr.o(.text) for OsErrMgr_SetServiceID
    rcbprocessor.o(.text) refers to hook.o(.text) for ErrorHook
    rcbprocessor.o(.text) refers to oscfg.o(.constdata) for OsCfg_MAX_NUM_OF_RESOURCES
    rcbprocessor.o(.text) refers to oscfg.o(.data) for RCB
    svccontext.o(.text) refers to oscfg.o(.data) for SVCCnxt_ErrCodes
    svccontext.o(.text) refers to svccontext.o(.data) for SVCCnxt_TskMgrCnxt
    tcbprocessor.o(.text) refers to svccontext.o(.text) for SVCCnxt_TskMgrGetTskID
    tcbprocessor.o(.text) refers to errmgr.o(.text) for OsErrMgr_SetServiceID
    tcbprocessor.o(.text) refers to hook.o(.text) for ErrorHook
    tcbprocessor.o(.text) refers to portable.o(.text) for OsPort_SetInitialStack
    tcbprocessor.o(.text) refers to oscfg.o(.data) for OsCfg_TCBs
    tcbprocessor.o(.text) refers to oscfg.o(.constdata) for OsCfg_USE_STACK_OVER_FLOW_HOOK
    tcbprocessor.o(.text) refers to oscfg.o(.bss) for OsCfg_Stack
    tcbprocessor.o(.text) refers to tcbprocessor.o(.data) for TcbProcessor_RunningTaskID
    tcbprocessor.o(.text) refers to task.o(.text) for OsTask_IdleMechanism
    tcbprocessor.o(.data) refers to oscfg.o(.data) for OsCfg_TCBs
    interrupt.o(i.IntDisable) refers to interrupt.o(.constdata) for .constdata
    interrupt.o(i.IntEnable) refers to interrupt.o(.constdata) for .constdata
    interrupt.o(i.IntIsEnabled) refers to interrupt.o(.constdata) for .constdata
    interrupt.o(i.IntMasterDisable) refers to cpu.o(.emb_text) for CPUcpsid
    interrupt.o(i.IntMasterEnable) refers to cpu.o(.emb_text) for CPUcpsie
    interrupt.o(i.IntPendClear) refers to interrupt.o(.constdata) for .constdata
    interrupt.o(i.IntPendSet) refers to interrupt.o(.constdata) for .constdata
    interrupt.o(i.IntPriorityGet) refers to interrupt.o(.constdata) for .constdata
    interrupt.o(i.IntPriorityGroupingGet) refers to interrupt.o(.constdata) for .constdata
    interrupt.o(i.IntPriorityGroupingSet) refers to interrupt.o(.constdata) for .constdata
    interrupt.o(i.IntPriorityMaskGet) refers to cpu.o(.emb_text) for CPUbasepriGet
    interrupt.o(i.IntPriorityMaskSet) refers to cpu.o(.emb_text) for CPUbasepriSet
    interrupt.o(i.IntPrioritySet) refers to interrupt.o(.constdata) for .constdata
    interrupt.o(i.IntRegister) refers to interrupt.o(vtable) for vtable
    interrupt.o(i.IntUnregister) refers to interrupt.o(i._IntDefaultHandler) for _IntDefaultHandler
    interrupt.o(i.IntUnregister) refers to interrupt.o(vtable) for vtable
    entry.o(.ARM.Collect$$$$00000000) refers (Special) to entry10a.o(.ARM.Collect$$$$0000000D) for __rt_final_cpp
    entry.o(.ARM.Collect$$$$00000000) refers (Special) to entry11a.o(.ARM.Collect$$$$0000000F) for __rt_final_exit
    entry.o(.ARM.Collect$$$$00000000) refers (Special) to entry7b.o(.ARM.Collect$$$$00000008) for _main_clock
    entry.o(.ARM.Collect$$$$00000000) refers (Special) to entry8b.o(.ARM.Collect$$$$0000000A) for _main_cpp_init
    entry.o(.ARM.Collect$$$$00000000) refers (Special) to entry9a.o(.ARM.Collect$$$$0000000B) for _main_init
    entry.o(.ARM.Collect$$$$00000000) refers (Special) to entry5.o(.ARM.Collect$$$$00000004) for _main_scatterload
    entry.o(.ARM.Collect$$$$00000000) refers (Special) to entry2.o(.ARM.Collect$$$$00000001) for _main_stk
    entry2.o(.ARM.Collect$$$$00000001) refers to entry2.o(.ARM.Collect$$$$00002712) for __lit__00000000
    entry2.o(.ARM.Collect$$$$00002712) refers to keiluvisoin_startup.o(STACK) for __initial_sp
    entry2.o(__vectab_stack_and_reset_area) refers to keiluvisoin_startup.o(STACK) for __initial_sp
    entry2.o(__vectab_stack_and_reset_area) refers to entry.o(.ARM.Collect$$$$00000000) for __main
    entry5.o(.ARM.Collect$$$$00000004) refers to init.o(.text) for __scatterload
    entry9a.o(.ARM.Collect$$$$0000000B) refers to osekintro_example5.o(.text) for main
    entry9b.o(.ARM.Collect$$$$0000000C) refers to osekintro_example5.o(.text) for main
    init.o(.text) refers to entry5.o(.ARM.Collect$$$$00000004) for __main_after_scatterload


==============================================================================

Removing Unused input sections from the image.

    Removing keiluvisoin_startup.o(HEAP), (0 bytes).
    Removing gpio.o(i.GPIOADCTriggerDisable), (14 bytes).
    Removing gpio.o(i.GPIOADCTriggerEnable), (14 bytes).
    Removing gpio.o(i.GPIODMATriggerDisable), (14 bytes).
    Removing gpio.o(i.GPIODMATriggerEnable), (14 bytes).
    Removing gpio.o(i.GPIODirModeGet), (34 bytes).
    Removing gpio.o(i.GPIOIntClear), (6 bytes).
    Removing gpio.o(i.GPIOIntDisable), (14 bytes).
    Removing gpio.o(i.GPIOIntEnable), (14 bytes).
    Removing gpio.o(i.GPIOIntRegister), (26 bytes).
    Removing gpio.o(i.GPIOIntRegisterPin), (30 bytes).
    Removing gpio.o(i.GPIOIntStatus), (14 bytes).
    Removing gpio.o(i.GPIOIntTypeGet), (68 bytes).
    Removing gpio.o(i.GPIOIntTypeSet), (80 bytes).
    Removing gpio.o(i.GPIOIntUnregister), (22 bytes).
    Removing gpio.o(i.GPIOIntUnregisterPin), (26 bytes).
    Removing gpio.o(i.GPIOPadConfigGet), (204 bytes).
    Removing gpio.o(i.GPIOPinConfigure), (72 bytes).
    Removing gpio.o(i.GPIOPinTypeADC), (28 bytes).
    Removing gpio.o(i.GPIOPinTypeCAN), (28 bytes).
    Removing gpio.o(i.GPIOPinTypeComparator), (28 bytes).
    Removing gpio.o(i.GPIOPinTypeComparatorOutput), (28 bytes).
    Removing gpio.o(i.GPIOPinTypeDIVSCLK), (28 bytes).
    Removing gpio.o(i.GPIOPinTypeEPI), (28 bytes).
    Removing gpio.o(i.GPIOPinTypeEthernetLED), (28 bytes).
    Removing gpio.o(i.GPIOPinTypeEthernetMII), (28 bytes).
    Removing gpio.o(i.GPIOPinTypeGPIOOutputOD), (28 bytes).
    Removing gpio.o(i.GPIOPinTypeHibernateRTCCLK), (28 bytes).
    Removing gpio.o(i.GPIOPinTypeI2C), (28 bytes).
    Removing gpio.o(i.GPIOPinTypeI2CSCL), (28 bytes).
    Removing gpio.o(i.GPIOPinTypeLCD), (28 bytes).
    Removing gpio.o(i.GPIOPinTypeOneWire), (28 bytes).
    Removing gpio.o(i.GPIOPinTypePWM), (28 bytes).
    Removing gpio.o(i.GPIOPinTypeQEI), (28 bytes).
    Removing gpio.o(i.GPIOPinTypeSSI), (28 bytes).
    Removing gpio.o(i.GPIOPinTypeTimer), (28 bytes).
    Removing gpio.o(i.GPIOPinTypeTrace), (28 bytes).
    Removing gpio.o(i.GPIOPinTypeUART), (28 bytes).
    Removing gpio.o(i.GPIOPinTypeUSBAnalog), (28 bytes).
    Removing gpio.o(i.GPIOPinTypeUSBDigital), (28 bytes).
    Removing gpio.o(i.GPIOPinTypeWakeHigh), (30 bytes).
    Removing gpio.o(i.GPIOPinTypeWakeLow), (30 bytes).
    Removing gpio.o(i.GPIOPinWakeStatus), (6 bytes).
    Removing gpio.o(i._GPIOIntNumberGet), (80 bytes).
    Removing gpio.o(.constdata), (552 bytes).
    Removing sysctl.o(i.SysCtlAltClkConfig), (12 bytes).
    Removing sysctl.o(i.SysCtlClockFreqSet), (740 bytes).
    Removing sysctl.o(i.SysCtlClockGet), (340 bytes).
    Removing sysctl.o(i.SysCtlClockOutConfig), (16 bytes).
    Removing sysctl.o(i.SysCtlClockSet), (288 bytes).
    Removing sysctl.o(i.SysCtlDeepSleep), (32 bytes).
    Removing sysctl.o(i.SysCtlDeepSleepClockConfigSet), (112 bytes).
    Removing sysctl.o(i.SysCtlDeepSleepClockSet), (12 bytes).
    Removing sysctl.o(i.SysCtlDeepSleepPowerSet), (12 bytes).
    Removing sysctl.o(i.SysCtlFlashSectorSizeGet), (56 bytes).
    Removing sysctl.o(i.SysCtlFlashSizeGet), (56 bytes).
    Removing sysctl.o(i.SysCtlGPIOAHBDisable), (28 bytes).
    Removing sysctl.o(i.SysCtlGPIOAHBEnable), (24 bytes).
    Removing sysctl.o(i.SysCtlIntClear), (12 bytes).
    Removing sysctl.o(i.SysCtlIntDisable), (16 bytes).
    Removing sysctl.o(i.SysCtlIntEnable), (16 bytes).
    Removing sysctl.o(i.SysCtlIntRegister), (20 bytes).
    Removing sysctl.o(i.SysCtlIntStatus), (16 bytes).
    Removing sysctl.o(i.SysCtlIntUnregister), (18 bytes).
    Removing sysctl.o(i.SysCtlLDODeepSleepGet), (12 bytes).
    Removing sysctl.o(i.SysCtlLDODeepSleepSet), (12 bytes).
    Removing sysctl.o(i.SysCtlLDOSleepGet), (12 bytes).
    Removing sysctl.o(i.SysCtlLDOSleepSet), (12 bytes).
    Removing sysctl.o(i.SysCtlMOSCConfigSet), (12 bytes).
    Removing sysctl.o(i.SysCtlNMIClear), (16 bytes).
    Removing sysctl.o(i.SysCtlNMIStatus), (12 bytes).
    Removing sysctl.o(i.SysCtlPIOSCCalibrate), (76 bytes).
    Removing sysctl.o(i.SysCtlPWMClockGet), (24 bytes).
    Removing sysctl.o(i.SysCtlPWMClockSet), (20 bytes).
    Removing sysctl.o(i.SysCtlPeripheralClockGating), (68 bytes).
    Removing sysctl.o(i.SysCtlPeripheralDeepSleepDisable), (40 bytes).
    Removing sysctl.o(i.SysCtlPeripheralDeepSleepEnable), (40 bytes).
    Removing sysctl.o(i.SysCtlPeripheralDisable), (40 bytes).
    Removing sysctl.o(i.SysCtlPeripheralPowerOff), (40 bytes).
    Removing sysctl.o(i.SysCtlPeripheralPowerOn), (40 bytes).
    Removing sysctl.o(i.SysCtlPeripheralPresent), (44 bytes).
    Removing sysctl.o(i.SysCtlPeripheralReady), (44 bytes).
    Removing sysctl.o(i.SysCtlPeripheralReset), (60 bytes).
    Removing sysctl.o(i.SysCtlPeripheralSleepDisable), (40 bytes).
    Removing sysctl.o(i.SysCtlPeripheralSleepEnable), (40 bytes).
    Removing sysctl.o(i.SysCtlReset), (16 bytes).
    Removing sysctl.o(i.SysCtlResetBehaviorGet), (12 bytes).
    Removing sysctl.o(i.SysCtlResetBehaviorSet), (12 bytes).
    Removing sysctl.o(i.SysCtlResetCauseClear), (16 bytes).
    Removing sysctl.o(i.SysCtlResetCauseGet), (12 bytes).
    Removing sysctl.o(i.SysCtlSRAMSizeGet), (16 bytes).
    Removing sysctl.o(i.SysCtlSleep), (4 bytes).
    Removing sysctl.o(i.SysCtlSleepPowerSet), (12 bytes).
    Removing sysctl.o(i.SysCtlUSBPLLDisable), (16 bytes).
    Removing sysctl.o(i.SysCtlUSBPLLEnable), (16 bytes).
    Removing sysctl.o(i.SysCtlVCOGet), (120 bytes).
    Removing sysctl.o(i.SysCtlVoltageEventClear), (16 bytes).
    Removing sysctl.o(i.SysCtlVoltageEventConfig), (12 bytes).
    Removing sysctl.o(i.SysCtlVoltageEventStatus), (12 bytes).
    Removing sysctl.o(.constdata), (596 bytes).
    Removing cpu.o(.emb_text), (38 bytes).
    Removing interrupt.o(i.IntDisable), (100 bytes).
    Removing interrupt.o(i.IntEnable), (100 bytes).
    Removing interrupt.o(i.IntIsEnabled), (96 bytes).
    Removing interrupt.o(i.IntMasterDisable), (14 bytes).
    Removing interrupt.o(i.IntMasterEnable), (14 bytes).
    Removing interrupt.o(i.IntPendClear), (68 bytes).
    Removing interrupt.o(i.IntPendSet), (84 bytes).
    Removing interrupt.o(i.IntPriorityGet), (28 bytes).
    Removing interrupt.o(i.IntPriorityGroupingGet), (36 bytes).
    Removing interrupt.o(i.IntPriorityGroupingSet), (28 bytes).
    Removing interrupt.o(i.IntPriorityMaskGet), (4 bytes).
    Removing interrupt.o(i.IntPriorityMaskSet), (4 bytes).
    Removing interrupt.o(i.IntPrioritySet), (40 bytes).
    Removing interrupt.o(i.IntRegister), (52 bytes).
    Removing interrupt.o(i.IntTrigger), (12 bytes).
    Removing interrupt.o(i.IntUnregister), (20 bytes).
    Removing interrupt.o(i._IntDefaultHandler), (2 bytes).
    Removing interrupt.o(.constdata), (268 bytes).
    Removing interrupt.o(vtable), (620 bytes).

120 unused section(s) (total 7026 bytes) removed from the image.

==============================================================================

Image Symbol Table

    Local Symbols

    Symbol Name                              Value     Ov Type        Size  Object(Section)

    RESET                                    0x00000000   Section      620  keiluvisoin_startup.o(RESET)
    ../clib/microlib/init/entry.s            0x00000000   Number         0  entry10a.o ABSOLUTE
    ../clib/microlib/init/entry.s            0x00000000   Number         0  entry9b.o ABSOLUTE
    ../clib/microlib/init/entry.s            0x00000000   Number         0  entry8b.o ABSOLUTE
    ../clib/microlib/init/entry.s            0x00000000   Number         0  entry8a.o ABSOLUTE
    ../clib/microlib/init/entry.s            0x00000000   Number         0  entry7b.o ABSOLUTE
    ../clib/microlib/init/entry.s            0x00000000   Number         0  entry7a.o ABSOLUTE
    ../clib/microlib/init/entry.s            0x00000000   Number         0  entry.o ABSOLUTE
    ../clib/microlib/init/entry.s            0x00000000   Number         0  entry5.o ABSOLUTE
    ../clib/microlib/init/entry.s            0x00000000   Number         0  entry9a.o ABSOLUTE
    ../clib/microlib/init/entry.s            0x00000000   Number         0  entry2.o ABSOLUTE
    ../clib/microlib/init/entry.s            0x00000000   Number         0  entry11b.o ABSOLUTE
    ../clib/microlib/init/entry.s            0x00000000   Number         0  entry11a.o ABSOLUTE
    ../clib/microlib/init/entry.s            0x00000000   Number         0  entry10b.o ABSOLUTE
    OsCfg.c                                  0x00000000   Number         0  oscfg.o ABSOLUTE
    OsekIntro_Example5.c                     0x00000000   Number         0  osekintro_example5.o ABSOLUTE
    OsekLib\counter.c                        0x00000000   Number         0  counter.o ABSOLUTE
    OsekLib\hook.c                           0x00000000   Number         0  hook.o ABSOLUTE
    OsekLib\startup\keilUvisoin_startup.s    0x00000000   Number         0  keiluvisoin_startup.o ABSOLUTE
    cpu.c                                    0x00000000   Number         0  cpu.o ABSOLUTE
    cpu.c                                    0x00000000   Number         0  cpu.o ABSOLUTE
    dc.s                                     0x00000000   Number         0  dc.o ABSOLUTE
    gpio.c                                   0x00000000   Number         0  gpio.o ABSOLUTE
    handlers.s                               0x00000000   Number         0  handlers.o ABSOLUTE
    init.s                                   0x00000000   Number         0  init.o ABSOLUTE
    interrupt.c                              0x00000000   Number         0  interrupt.o ABSOLUTE
    src\ErrMgr.c                             0x00000000   Number         0  errmgr.o ABSOLUTE
    src\RcbProcessor.c                       0x00000000   Number         0  rcbprocessor.o ABSOLUTE
    src\SVCContext.c                         0x00000000   Number         0  svccontext.o ABSOLUTE
    src\TcbProcessor.c                       0x00000000   Number         0  tcbprocessor.o ABSOLUTE
    src\alarm.c                              0x00000000   Number         0  alarm.o ABSOLUTE
    src\portable\Keil\port.s                 0x00000000   Number         0  port.o ABSOLUTE
    src\portable\Keil\portable.c             0x00000000   Number         0  portable.o ABSOLUTE
    src\task.c                               0x00000000   Number         0  task.o ABSOLUTE
    sysctl.c                                 0x00000000   Number         0  sysctl.o ABSOLUTE
    sysctl.c                                 0x00000000   Number         0  sysctl.o ABSOLUTE
    .ARM.Collect$$$$00000000                 0x0000026c   Section        0  entry.o(.ARM.Collect$$$$00000000)
    .ARM.Collect$$$$00000001                 0x0000026c   Section        4  entry2.o(.ARM.Collect$$$$00000001)
    .ARM.Collect$$$$00000004                 0x00000270   Section        4  entry5.o(.ARM.Collect$$$$00000004)
    .ARM.Collect$$$$00000008                 0x00000274   Section        0  entry7b.o(.ARM.Collect$$$$00000008)
    .ARM.Collect$$$$0000000A                 0x00000274   Section        0  entry8b.o(.ARM.Collect$$$$0000000A)
    .ARM.Collect$$$$0000000B                 0x00000274   Section        8  entry9a.o(.ARM.Collect$$$$0000000B)
    .ARM.Collect$$$$0000000D                 0x0000027c   Section        0  entry10a.o(.ARM.Collect$$$$0000000D)
    .ARM.Collect$$$$0000000F                 0x0000027c   Section        0  entry11a.o(.ARM.Collect$$$$0000000F)
    .ARM.Collect$$$$00002712                 0x0000027c   Section        4  entry2.o(.ARM.Collect$$$$00002712)
    __lit__00000000                          0x0000027c   Data           4  entry2.o(.ARM.Collect$$$$00002712)
    .emb_text                                0x00000280   Section        6  sysctl.o(.emb_text)
    $v0                                      0x00000280   Number         0  sysctl.o(.emb_text)
    .text                                    0x00000288   Section        0  osekintro_example5.o(.text)
    SetLedCurrentState                       0x00000295   Thumb Code    86  osekintro_example5.o(.text)
    .text                                    0x00000454   Section        0  counter.o(.text)
    .text                                    0x000004a8   Section        0  hook.o(.text)
    .text                                    0x000004b4   Section      252  keiluvisoin_startup.o(.text)
    $v0                                      0x000004b4   Number         0  keiluvisoin_startup.o(.text)
    .text                                    0x000005b0   Section        0  alarm.o(.text)
    OsAlrm_AssignAlarmEntry                  0x0000064d   Thumb Code    38  alarm.o(.text)
    OsAlrm_ValidateStartValue                0x00000673   Thumb Code    44  alarm.o(.text)
    OsAlrm_ValidateCycle                     0x0000069f   Thumb Code    46  alarm.o(.text)
    OsAlrm_AlarmActionExecute                0x0000079f   Thumb Code   200  alarm.o(.text)
    OsAlrm_AlarmFireProcessor                0x00000867   Thumb Code    82  alarm.o(.text)
    SystemAlarmsProcessor                    0x000008b9   Thumb Code    74  alarm.o(.text)
    OsAlrm_ValidateID                        0x0000092f   Thumb Code    16  alarm.o(.text)
    OsAlrm_GetFirePoint                      0x0000093f   Thumb Code    14  alarm.o(.text)
    OsAlrm_AlarmIsEnabled                    0x0000094d   Thumb Code    16  alarm.o(.text)
    OsAlrm_DisableAlarm                      0x0000095d   Thumb Code    16  alarm.o(.text)
    OsAlrm_GetAlrmTaskID                     0x0000096d   Thumb Code    16  alarm.o(.text)
    .text                                    0x00000990   Section        0  task.o(.text)
    .text                                    0x00000af8   Section       90  port.o(.text)
    .text                                    0x00000b54   Section        0  errmgr.o(.text)
    .text                                    0x00000bb0   Section        0  rcbprocessor.o(.text)
    .text                                    0x00000ccc   Section        0  svccontext.o(.text)
    .text                                    0x00000d24   Section        0  tcbprocessor.o(.text)
    OsTcb_SetInitialStack                    0x00000d25   Thumb Code   252  tcbprocessor.o(.text)
    OsTcb_StackPointersInit                  0x00000e21   Thumb Code   110  tcbprocessor.o(.text)
    OsTcb_SetTaskState                       0x00000ebf   Thumb Code    20  tcbprocessor.o(.text)
    OsTcb_ResetTaskEvent                     0x00000ee9   Thumb Code    26  tcbprocessor.o(.text)
    OsTcb_ResetTCB                           0x00000f7f   Thumb Code    66  tcbprocessor.o(.text)
    OsTcb_CheckEventTrigger                  0x000011df   Thumb Code    42  tcbprocessor.o(.text)
    OsTcb_SetTaskEvent                       0x00001209   Thumb Code    30  tcbprocessor.o(.text)
    OsTcb_StackCanarInit                     0x000015e1   Thumb Code   114  tcbprocessor.o(.text)
    OsTcb_IdleTaskInit                       0x00001653   Thumb Code   144  tcbprocessor.o(.text)
    OsTcb_GetTaskPriority                    0x000016e3   Thumb Code    16  tcbprocessor.o(.text)
    OsTcb_TaskModelIsBasic                   0x000016f3   Thumb Code    24  tcbprocessor.o(.text)
    OsTcb_TaskIDValid                        0x0000170b   Thumb Code    18  tcbprocessor.o(.text)
    OsTcb_SetCurrentTCBRef                   0x0000171d   Thumb Code    16  tcbprocessor.o(.text)
    .text                                    0x0000175c   Section        0  portable.o(.text)
    .text                                    0x000017e0   Section       36  init.o(.text)
    i.GPIODirModeSet                         0x00001804   Section        0  gpio.o(i.GPIODirModeSet)
    i.GPIOPadConfigSet                       0x0000182c   Section        0  gpio.o(i.GPIOPadConfigSet)
    i.GPIOPinRead                            0x00001966   Section        0  gpio.o(i.GPIOPinRead)
    i.GPIOPinTypeGPIOInput                   0x0000196c   Section        0  gpio.o(i.GPIOPinTypeGPIOInput)
    i.GPIOPinTypeGPIOOutput                  0x00001988   Section        0  gpio.o(i.GPIOPinTypeGPIOOutput)
    i.GPIOPinWrite                           0x000019a4   Section        0  gpio.o(i.GPIOPinWrite)
    i.SysCtlPeripheralEnable                 0x000019ac   Section        0  sysctl.o(i.SysCtlPeripheralEnable)
    i.__scatterload_copy                     0x000019d4   Section       14  handlers.o(i.__scatterload_copy)
    i.__scatterload_null                     0x000019e2   Section        2  handlers.o(i.__scatterload_null)
    i.__scatterload_zeroinit                 0x000019e4   Section       14  handlers.o(i.__scatterload_zeroinit)
    .constdata                               0x000019f4   Section       46  oscfg.o(.constdata)
    .data                                    0x20000000   Section        4  counter.o(.data)
    OsCnt_SystemCounter                      0x20000000   Data           4  counter.o(.data)
    .data                                    0x20000004   Section      176  oscfg.o(.data)
    .data                                    0x200000b4   Section       12  errmgr.o(.data)
    OsErrMgr_DetectedService                 0x200000b4   Data           1  errmgr.o(.data)
    OsErrMgr_DetectedTaskID                  0x200000b5   Data           1  errmgr.o(.data)
    OsErrMgr_DetectedEventID                 0x200000b6   Data           1  errmgr.o(.data)
    OSErrMgr_DetectedResID                   0x200000b7   Data           1  errmgr.o(.data)
    OsErrMgr_OverflowContext                 0x200000b8   Data           8  errmgr.o(.data)
    .data                                    0x200000c0   Section        3  svccontext.o(.data)
    SVCCnxt_TskMgrCnxt                       0x200000c0   Data           1  svccontext.o(.data)
    SVCCnxt_EventMgrCnxt                     0x200000c1   Data           2  svccontext.o(.data)
    .data                                    0x200000c4   Section        6  tcbprocessor.o(.data)
    TcbProcessor_RunningTaskID               0x200000c8   Data           1  tcbprocessor.o(.data)
    PreTaskHookIsSilent                      0x200000c9   Data           1  tcbprocessor.o(.data)
    .bss                                     0x200000cc   Section     1088  oscfg.o(.bss)
    STACK                                    0x20000510   Section      512  keiluvisoin_startup.o(STACK)

    Global Symbols

    Symbol Name                              Value     Ov Type        Size  Object(Section)

    BuildAttributes$$THM_ISAv4$E$P$D$K$B$S$7EM$VFPi3$EXTD16$VFPS$VFMA$PE$A:L22UL41UL21$X:L11$S22US41US21$IEEE1$IW$USESV6$~STKCKD$USESV7$~SHL$OTIME$EBA8$MICROLIB$REQ8$PRES8$EABIv2 0x00000000   Number         0  anon$$obj.o ABSOLUTE
    __ARM_use_no_argv                        0x00000000   Number         0  osekintro_example5.o ABSOLUTE
    __Vectors                                0x00000000   Data           4  keiluvisoin_startup.o(RESET)
    __cpp_initialize__aeabi_                  - Undefined Weak Reference
    __cxa_finalize                            - Undefined Weak Reference
    __decompress                              - Undefined Weak Reference
    _clock_init                               - Undefined Weak Reference
    _microlib_exit                            - Undefined Weak Reference
    __Vectors_End                            0x0000026c   Data           0  keiluvisoin_startup.o(RESET)
    __Vectors_Size                           0x0000026c   Number         0  keiluvisoin_startup.o ABSOLUTE
    __main                                   0x0000026d   Thumb Code     0  entry.o(.ARM.Collect$$$$00000000)
    _main_stk                                0x0000026d   Thumb Code     0  entry2.o(.ARM.Collect$$$$00000001)
    _main_scatterload                        0x00000271   Thumb Code     0  entry5.o(.ARM.Collect$$$$00000004)
    __main_after_scatterload                 0x00000275   Thumb Code     0  entry5.o(.ARM.Collect$$$$00000004)
    _main_clock                              0x00000275   Thumb Code     0  entry7b.o(.ARM.Collect$$$$00000008)
    _main_cpp_init                           0x00000275   Thumb Code     0  entry8b.o(.ARM.Collect$$$$0000000A)
    _main_init                               0x00000275   Thumb Code     0  entry9a.o(.ARM.Collect$$$$0000000B)
    __rt_final_cpp                           0x0000027d   Thumb Code     0  entry10a.o(.ARM.Collect$$$$0000000D)
    __rt_final_exit                          0x0000027d   Thumb Code     0  entry11a.o(.ARM.Collect$$$$0000000F)
    SysCtlDelay                              0x00000281   Thumb Code     6  sysctl.o(.emb_text)
    SystemInit                               0x00000289   Thumb Code     2  osekintro_example5.o(.text)
    main                                     0x0000028b   Thumb Code    10  osekintro_example5.o(.text)
    OsTask_Task_White                        0x000002eb   Thumb Code    68  osekintro_example5.o(.text)
    OsTask_Task_Red                          0x0000032f   Thumb Code    74  osekintro_example5.o(.text)
    OsTask_Task_Green                        0x00000379   Thumb Code    72  osekintro_example5.o(.text)
    OsTask_Task_Blue                         0x000003c1   Thumb Code    74  osekintro_example5.o(.text)
    OsTask_Task_Init                         0x0000040b   Thumb Code    54  osekintro_example5.o(.text)
    SysTick_Init                             0x00000455   Thumb Code    54  counter.o(.text)
    OsCnt_IncrSystemCounter                  0x0000048b   Thumb Code    12  counter.o(.text)
    OsCnt_GetSystemCounter                   0x00000497   Thumb Code     6  counter.o(.text)
    ErrorHook                                0x000004a9   Thumb Code     2  hook.o(.text)
    StartupHook                              0x000004ab   Thumb Code     2  hook.o(.text)
    PreTaskHook                              0x000004ad   Thumb Code     2  hook.o(.text)
    PostTaskHook                             0x000004af   Thumb Code     2  hook.o(.text)
    StackOverFlowHook                        0x000004b1   Thumb Code     2  hook.o(.text)
    Reset_Handler                            0x000004b5   Thumb Code     8  keiluvisoin_startup.o(.text)
    NMI_Handler                              0x000004bd   Thumb Code     2  keiluvisoin_startup.o(.text)
    HardFault_Handler                        0x000004bf   Thumb Code     2  keiluvisoin_startup.o(.text)
    MemManage_Handler                        0x000004c1   Thumb Code     2  keiluvisoin_startup.o(.text)
    BusFault_Handler                         0x000004c3   Thumb Code     2  keiluvisoin_startup.o(.text)
    UsageFault_Handler                       0x000004c5   Thumb Code     2  keiluvisoin_startup.o(.text)
    SVC_Handler                              0x000004c7   Thumb Code     2  keiluvisoin_startup.o(.text)
    DebugMon_Handler                         0x000004c9   Thumb Code     2  keiluvisoin_startup.o(.text)
    PendSV_Handler                           0x000004cb   Thumb Code     2  keiluvisoin_startup.o(.text)
    SysTick_Handler                          0x000004cd   Thumb Code     2  keiluvisoin_startup.o(.text)
    GPIOA_Handler                            0x000004cf   Thumb Code     2  keiluvisoin_startup.o(.text)
    GPIOB_Handler                            0x000004d1   Thumb Code     2  keiluvisoin_startup.o(.text)
    GPIOC_Handler                            0x000004d3   Thumb Code     2  keiluvisoin_startup.o(.text)
    GPIOD_Handler                            0x000004d5   Thumb Code     2  keiluvisoin_startup.o(.text)
    GPIOE_Handler                            0x000004d7   Thumb Code     2  keiluvisoin_startup.o(.text)
    UART0_Handler                            0x000004d9   Thumb Code     2  keiluvisoin_startup.o(.text)
    UART1_Handler                            0x000004db   Thumb Code     2  keiluvisoin_startup.o(.text)
    SSI0_Handler                             0x000004dd   Thumb Code     2  keiluvisoin_startup.o(.text)
    I2C0_Handler                             0x000004df   Thumb Code     2  keiluvisoin_startup.o(.text)
    PMW0_FAULT_Handler                       0x000004e1   Thumb Code     2  keiluvisoin_startup.o(.text)
    PWM0_0_Handler                           0x000004e3   Thumb Code     2  keiluvisoin_startup.o(.text)
    PWM0_1_Handler                           0x000004e5   Thumb Code     2  keiluvisoin_startup.o(.text)
    PWM0_2_Handler                           0x000004e7   Thumb Code     2  keiluvisoin_startup.o(.text)
    QEI0_Handler                             0x000004e9   Thumb Code     2  keiluvisoin_startup.o(.text)
    ADC0SS0_Handler                          0x000004eb   Thumb Code     2  keiluvisoin_startup.o(.text)
    ADC0SS1_Handler                          0x000004ed   Thumb Code     2  keiluvisoin_startup.o(.text)
    ADC0SS2_Handler                          0x000004ef   Thumb Code     2  keiluvisoin_startup.o(.text)
    ADC0SS3_Handler                          0x000004f1   Thumb Code     2  keiluvisoin_startup.o(.text)
    WDT0_Handler                             0x000004f3   Thumb Code     2  keiluvisoin_startup.o(.text)
    TIMER0A_Handler                          0x000004f5   Thumb Code     2  keiluvisoin_startup.o(.text)
    TIMER0B_Handler                          0x000004f7   Thumb Code     2  keiluvisoin_startup.o(.text)
    TIMER1A_Handler                          0x000004f9   Thumb Code     2  keiluvisoin_startup.o(.text)
    TIMER1B_Handler                          0x000004fb   Thumb Code     2  keiluvisoin_startup.o(.text)
    TIMER2A_Handler                          0x000004fd   Thumb Code     2  keiluvisoin_startup.o(.text)
    TIMER2B_Handler                          0x000004ff   Thumb Code     2  keiluvisoin_startup.o(.text)
    COMP0_Handler                            0x00000501   Thumb Code     2  keiluvisoin_startup.o(.text)
    COMP1_Handler                            0x00000503   Thumb Code     2  keiluvisoin_startup.o(.text)
    COMP2_Handler                            0x00000505   Thumb Code     2  keiluvisoin_startup.o(.text)
    SYSCTL_Handler                           0x00000507   Thumb Code     2  keiluvisoin_startup.o(.text)
    FLASH_Handler                            0x00000509   Thumb Code     2  keiluvisoin_startup.o(.text)
    GPIOF_Handler                            0x0000050b   Thumb Code     2  keiluvisoin_startup.o(.text)
    GPIOG_Handler                            0x0000050d   Thumb Code     2  keiluvisoin_startup.o(.text)
    GPIOH_Handler                            0x0000050f   Thumb Code     2  keiluvisoin_startup.o(.text)
    UART2_Handler                            0x00000511   Thumb Code     2  keiluvisoin_startup.o(.text)
    SSI1_Handler                             0x00000513   Thumb Code     2  keiluvisoin_startup.o(.text)
    TIMER3A_Handler                          0x00000515   Thumb Code     2  keiluvisoin_startup.o(.text)
    TIMER3B_Handler                          0x00000517   Thumb Code     2  keiluvisoin_startup.o(.text)
    I2C1_Handler                             0x00000519   Thumb Code     2  keiluvisoin_startup.o(.text)
    QEI1_Handler                             0x0000051b   Thumb Code     2  keiluvisoin_startup.o(.text)
    CAN0_Handler                             0x0000051d   Thumb Code     2  keiluvisoin_startup.o(.text)
    CAN1_Handler                             0x0000051f   Thumb Code     2  keiluvisoin_startup.o(.text)
    CAN2_Handler                             0x00000521   Thumb Code     2  keiluvisoin_startup.o(.text)
    HIB_Handler                              0x00000523   Thumb Code     2  keiluvisoin_startup.o(.text)
    USB0_Handler                             0x00000525   Thumb Code     2  keiluvisoin_startup.o(.text)
    PWM0_3_Handler                           0x00000527   Thumb Code     2  keiluvisoin_startup.o(.text)
    UDMA_Handler                             0x00000529   Thumb Code     2  keiluvisoin_startup.o(.text)
    UDMAERR_Handler                          0x0000052b   Thumb Code     2  keiluvisoin_startup.o(.text)
    ADC1SS0_Handler                          0x0000052d   Thumb Code     2  keiluvisoin_startup.o(.text)
    ADC1SS1_Handler                          0x0000052f   Thumb Code     2  keiluvisoin_startup.o(.text)
    ADC1SS2_Handler                          0x00000531   Thumb Code     2  keiluvisoin_startup.o(.text)
    ADC1SS3_Handler                          0x00000533   Thumb Code     2  keiluvisoin_startup.o(.text)
    GPIOJ_Handler                            0x00000535   Thumb Code     2  keiluvisoin_startup.o(.text)
    GPIOK_Handler                            0x00000537   Thumb Code     2  keiluvisoin_startup.o(.text)
    GPIOL_Handler                            0x00000539   Thumb Code     2  keiluvisoin_startup.o(.text)
    SSI2_Handler                             0x0000053b   Thumb Code     2  keiluvisoin_startup.o(.text)
    SSI3_Handler                             0x0000053d   Thumb Code     2  keiluvisoin_startup.o(.text)
    UART3_Handler                            0x0000053f   Thumb Code     2  keiluvisoin_startup.o(.text)
    UART4_Handler                            0x00000541   Thumb Code     2  keiluvisoin_startup.o(.text)
    UART5_Handler                            0x00000543   Thumb Code     2  keiluvisoin_startup.o(.text)
    UART6_Handler                            0x00000545   Thumb Code     2  keiluvisoin_startup.o(.text)
    UART7_Handler                            0x00000547   Thumb Code     2  keiluvisoin_startup.o(.text)
    I2C2_Handler                             0x00000549   Thumb Code     2  keiluvisoin_startup.o(.text)
    I2C3_Handler                             0x0000054b   Thumb Code     2  keiluvisoin_startup.o(.text)
    TIMER4A_Handler                          0x0000054d   Thumb Code     2  keiluvisoin_startup.o(.text)
    TIMER4B_Handler                          0x0000054f   Thumb Code     2  keiluvisoin_startup.o(.text)
    TIMER5A_Handler                          0x00000551   Thumb Code     2  keiluvisoin_startup.o(.text)
    TIMER5B_Handler                          0x00000553   Thumb Code     2  keiluvisoin_startup.o(.text)
    WTIMER0A_Handler                         0x00000555   Thumb Code     2  keiluvisoin_startup.o(.text)
    WTIMER0B_Handler                         0x00000557   Thumb Code     2  keiluvisoin_startup.o(.text)
    WTIMER1A_Handler                         0x00000559   Thumb Code     2  keiluvisoin_startup.o(.text)
    WTIMER1B_Handler                         0x0000055b   Thumb Code     2  keiluvisoin_startup.o(.text)
    WTIMER2A_Handler                         0x0000055d   Thumb Code     2  keiluvisoin_startup.o(.text)
    WTIMER2B_Handler                         0x0000055f   Thumb Code     2  keiluvisoin_startup.o(.text)
    WTIMER3A_Handler                         0x00000561   Thumb Code     2  keiluvisoin_startup.o(.text)
    WTIMER3B_Handler                         0x00000563   Thumb Code     2  keiluvisoin_startup.o(.text)
    WTIMER4A_Handler                         0x00000565   Thumb Code     2  keiluvisoin_startup.o(.text)
    WTIMER4B_Handler                         0x00000567   Thumb Code     2  keiluvisoin_startup.o(.text)
    WTIMER5A_Handler                         0x00000569   Thumb Code     2  keiluvisoin_startup.o(.text)
    WTIMER5B_Handler                         0x0000056b   Thumb Code     2  keiluvisoin_startup.o(.text)
    FPU_Handler                              0x0000056d   Thumb Code     2  keiluvisoin_startup.o(.text)
    I2C4_Handler                             0x0000056f   Thumb Code     2  keiluvisoin_startup.o(.text)
    I2C5_Handler                             0x00000571   Thumb Code     2  keiluvisoin_startup.o(.text)
    GPIOM_Handler                            0x00000573   Thumb Code     2  keiluvisoin_startup.o(.text)
    GPION_Handler                            0x00000575   Thumb Code     2  keiluvisoin_startup.o(.text)
    QEI2_Handler                             0x00000577   Thumb Code     2  keiluvisoin_startup.o(.text)
    GPIOP0_Handler                           0x00000579   Thumb Code     2  keiluvisoin_startup.o(.text)
    GPIOP1_Handler                           0x0000057b   Thumb Code     2  keiluvisoin_startup.o(.text)
    GPIOP2_Handler                           0x0000057d   Thumb Code     2  keiluvisoin_startup.o(.text)
    GPIOP3_Handler                           0x0000057f   Thumb Code     2  keiluvisoin_startup.o(.text)
    GPIOP4_Handler                           0x00000581   Thumb Code     2  keiluvisoin_startup.o(.text)
    GPIOP5_Handler                           0x00000583   Thumb Code     2  keiluvisoin_startup.o(.text)
    GPIOP6_Handler                           0x00000585   Thumb Code     2  keiluvisoin_startup.o(.text)
    GPIOP7_Handler                           0x00000587   Thumb Code     2  keiluvisoin_startup.o(.text)
    GPIOQ0_Handler                           0x00000589   Thumb Code     2  keiluvisoin_startup.o(.text)
    GPIOQ1_Handler                           0x0000058b   Thumb Code     2  keiluvisoin_startup.o(.text)
    GPIOQ2_Handler                           0x0000058d   Thumb Code     2  keiluvisoin_startup.o(.text)
    GPIOQ3_Handler                           0x0000058f   Thumb Code     2  keiluvisoin_startup.o(.text)
    GPIOQ4_Handler                           0x00000591   Thumb Code     2  keiluvisoin_startup.o(.text)
    GPIOQ5_Handler                           0x00000593   Thumb Code     2  keiluvisoin_startup.o(.text)
    GPIOQ6_Handler                           0x00000595   Thumb Code     2  keiluvisoin_startup.o(.text)
    GPIOQ7_Handler                           0x00000597   Thumb Code     2  keiluvisoin_startup.o(.text)
    GPIOR_Handler                            0x00000599   Thumb Code     2  keiluvisoin_startup.o(.text)
    GPIOS_Handler                            0x0000059b   Thumb Code     2  keiluvisoin_startup.o(.text)
    PMW1_0_Handler                           0x0000059d   Thumb Code     2  keiluvisoin_startup.o(.text)
    PWM1_1_Handler                           0x0000059f   Thumb Code     2  keiluvisoin_startup.o(.text)
    PWM1_2_Handler                           0x000005a1   Thumb Code     2  keiluvisoin_startup.o(.text)
    PWM1_3_Handler                           0x000005a3   Thumb Code     2  keiluvisoin_startup.o(.text)
    PWM1_FAULT_Handler                       0x000005a5   Thumb Code     2  keiluvisoin_startup.o(.text)
    DeclareAlarm                             0x000005b1   Thumb Code     2  alarm.o(.text)
    GetAlarmBase                             0x000005b3   Thumb Code    74  alarm.o(.text)
    GetAlarm                                 0x000005fd   Thumb Code    80  alarm.o(.text)
    SetAbsAlarm                              0x000006cd   Thumb Code    76  alarm.o(.text)
    SetRelAlarm                              0x00000719   Thumb Code    94  alarm.o(.text)
    CancelAlarm                              0x00000777   Thumb Code    40  alarm.o(.text)
    SystemTimerHandler                       0x00000903   Thumb Code    44  alarm.o(.text)
    StartOS                                  0x00000991   Thumb Code    44  task.o(.text)
    ActivateTask                             0x000009bd   Thumb Code    30  task.o(.text)
    TerminateTask                            0x000009db   Thumb Code    22  task.o(.text)
    ChainTask                                0x000009f1   Thumb Code    30  task.o(.text)
    Schedule                                 0x00000a0f   Thumb Code    22  task.o(.text)
    GetTaskID                                0x00000a25   Thumb Code    16  task.o(.text)
    GetTaskState                             0x00000a35   Thumb Code    16  task.o(.text)
    SVC_Dispatcher                           0x00000a45   Thumb Code   160  task.o(.text)
    OsTask_IdleMechanism                     0x00000ae5   Thumb Code     4  task.o(.text)
    OsPort_JumpToApp                         0x00000af9   Thumb Code     0  port.o(.text)
    OsPort_PendSVHandler                     0x00000b1b   Thumb Code     0  port.o(.text)
    OsPort_PushUpperContext                  0x00000b2d   Thumb Code     0  port.o(.text)
    OsPort_PopUpperContext                   0x00000b3b   Thumb Code     0  port.o(.text)
    OsPort_ReturnWithAutopop                 0x00000b49   Thumb Code     0  port.o(.text)
    OsErrMgr_SetServiceID                    0x00000b55   Thumb Code     6  errmgr.o(.text)
    OsErrMgr_GetServiceID                    0x00000b5b   Thumb Code     6  errmgr.o(.text)
    OsErrMgr_StoreTaskID                     0x00000b61   Thumb Code     6  errmgr.o(.text)
    OsErrMgr_GetTaskID                       0x00000b67   Thumb Code     6  errmgr.o(.text)
    OsErrMgr_StoreEventID                    0x00000b6d   Thumb Code     6  errmgr.o(.text)
    OsErrMgr_GetEventID                      0x00000b73   Thumb Code     6  errmgr.o(.text)
    OsErrMgr_StoreResID                      0x00000b79   Thumb Code     6  errmgr.o(.text)
    OsErrMgr_GetResID                        0x00000b7f   Thumb Code     6  errmgr.o(.text)
    OsErrMgr_SetOverFlowContext              0x00000b85   Thumb Code     8  errmgr.o(.text)
    OsErrMgr_GetOverFlowContext              0x00000b8d   Thumb Code    14  errmgr.o(.text)
    OsRes_GetResourceProcessor               0x00000bb1   Thumb Code   136  rcbprocessor.o(.text)
    OsRcb_ReleaseResourceProcessor           0x00000c39   Thumb Code   128  rcbprocessor.o(.text)
    SVCCnxt_SetErrCode                       0x00000ccd   Thumb Code     6  svccontext.o(.text)
    SVCCnxt_GetErrCode                       0x00000cd3   Thumb Code     8  svccontext.o(.text)
    SVCCnxt_TskMgrSetTskID                   0x00000cdb   Thumb Code     6  svccontext.o(.text)
    SVCCnxt_TskMgrGetTskID                   0x00000ce1   Thumb Code     8  svccontext.o(.text)
    SVCCnxt_EventMgrSetTskID                 0x00000ce9   Thumb Code     6  svccontext.o(.text)
    SVCCnxt_EventMgrGetTskID                 0x00000cef   Thumb Code     8  svccontext.o(.text)
    SVCCnxt_EventMgrSetEventMsk              0x00000cf7   Thumb Code     6  svccontext.o(.text)
    SVCCnxt_EventMgrGetEventMsk              0x00000cfd   Thumb Code     8  svccontext.o(.text)
    SVCCnxt_ResMgrSetResID                   0x00000d05   Thumb Code     6  svccontext.o(.text)
    SVCCnxt_ResMgrGetResID                   0x00000d0b   Thumb Code     8  svccontext.o(.text)
    OsTcb_TasksInit                          0x00000e8f   Thumb Code    48  tcbprocessor.o(.text)
    OsTcb_GetTaskState                       0x00000ed3   Thumb Code    16  tcbprocessor.o(.text)
    OsTcb_GetTaskIDProcessor                 0x00000ee3   Thumb Code     6  tcbprocessor.o(.text)
    OsTcb_ActivateTaskTCBProcesor            0x00000f03   Thumb Code   124  tcbprocessor.o(.text)
    OsTcb_GetResOccupied                     0x00000fc1   Thumb Code    16  tcbprocessor.o(.text)
    OsTcb_ChainTaskTCBProcessor              0x00000fd1   Thumb Code   178  tcbprocessor.o(.text)
    OsTcb_SetScheduleReq                     0x00001083   Thumb Code    18  tcbprocessor.o(.text)
    OsTcb_TerminateTaskTCBProcessor          0x00001095   Thumb Code    82  tcbprocessor.o(.text)
    OsTcb_JumpToNextTCB                      0x000010e7   Thumb Code   248  tcbprocessor.o(.text)
    OsTcb_SetEventProcessor                  0x00001227   Thumb Code   152  tcbprocessor.o(.text)
    OsTcb_ClearEventProcessor                0x000012bf   Thumb Code   128  tcbprocessor.o(.text)
    OsTcb_GetEventProcessor                  0x0000133f   Thumb Code    92  tcbprocessor.o(.text)
    OsTcb_WaitEventProcessor                 0x0000139b   Thumb Code   154  tcbprocessor.o(.text)
    OsTcb_GetTaskStateProcessor              0x00001435   Thumb Code    60  tcbprocessor.o(.text)
    OsTcb_TaskAlrmExpiredProcessor           0x00001471   Thumb Code    32  tcbprocessor.o(.text)
    OsTcb_EventAlrmExpiredProcessor          0x00001491   Thumb Code    32  tcbprocessor.o(.text)
    OsTcb_SetTaskPri                         0x000014b1   Thumb Code    18  tcbprocessor.o(.text)
    OsTcb_GetTaskPriorityEx                  0x000014c3   Thumb Code    12  tcbprocessor.o(.text)
    OsTcb_SetResOccupied                     0x000014cf   Thumb Code    14  tcbprocessor.o(.text)
    OsTcb_GetCurrentTCBRef                   0x000014dd   Thumb Code     8  tcbprocessor.o(.text)
    OsTcb_GetTcbSP                           0x000014e5   Thumb Code    14  tcbprocessor.o(.text)
    OsTcb_UpdateTCBSP                        0x000014f3   Thumb Code    36  tcbprocessor.o(.text)
    OsTcb_UpdatePSP                          0x00001517   Thumb Code    58  tcbprocessor.o(.text)
    OsTcb_SilencePostTaskHook                0x00001551   Thumb Code     8  tcbprocessor.o(.text)
    OsTcb_ScheduleProcessor                  0x00001559   Thumb Code    92  tcbprocessor.o(.text)
    OsTcb_ThreadStackOverFlow                0x000015b5   Thumb Code    44  tcbprocessor.o(.text)
    OsPort_SetInitialStack                   0x0000175d   Thumb Code    90  portable.o(.text)
    OsPort_GetSVCNumber                      0x000017b7   Thumb Code    14  portable.o(.text)
    OsPort_GetPSP                            0x000017c5   Thumb Code     8  portable.o(.text)
    OsPort_SetPSP                            0x000017cd   Thumb Code     6  portable.o(.text)
    OsPort_SetThreadMode                     0x000017d3   Thumb Code    14  portable.o(.text)
    __scatterload                            0x000017e1   Thumb Code    28  init.o(.text)
    __scatterload_rt2                        0x000017e1   Thumb Code     0  init.o(.text)
    GPIODirModeSet                           0x00001805   Thumb Code    40  gpio.o(i.GPIODirModeSet)
    GPIOPadConfigSet                         0x0000182d   Thumb Code   314  gpio.o(i.GPIOPadConfigSet)
    GPIOPinRead                              0x00001967   Thumb Code     6  gpio.o(i.GPIOPinRead)
    GPIOPinTypeGPIOInput                     0x0000196d   Thumb Code    28  gpio.o(i.GPIOPinTypeGPIOInput)
    GPIOPinTypeGPIOOutput                    0x00001989   Thumb Code    28  gpio.o(i.GPIOPinTypeGPIOOutput)
    GPIOPinWrite                             0x000019a5   Thumb Code     6  gpio.o(i.GPIOPinWrite)
    SysCtlPeripheralEnable                   0x000019ad   Thumb Code    36  sysctl.o(i.SysCtlPeripheralEnable)
    __scatterload_copy                       0x000019d5   Thumb Code    14  handlers.o(i.__scatterload_copy)
    __scatterload_null                       0x000019e3   Thumb Code     2  handlers.o(i.__scatterload_null)
    __scatterload_zeroinit                   0x000019e5   Thumb Code    14  handlers.o(i.__scatterload_zeroinit)
    OsCfg_MAX_NUM_OF_TASKS                   0x000019f4   Data           1  oscfg.o(.constdata)
    OsCfg_MAX_NUM_OF_ALARMS                  0x000019f5   Data           1  oscfg.o(.constdata)
    OsCfg_MAX_NUM_OF_RESOURCES               0x000019f6   Data           1  oscfg.o(.constdata)
    OsCfg_ALL_STACK_SIZE                     0x000019f8   Data           2  oscfg.o(.constdata)
    OsCfg_USE_ERROR_HOOK                     0x000019fa   Data           1  oscfg.o(.constdata)
    OsCfg_USE_PRETASK_HOOK                   0x000019fb   Data           1  oscfg.o(.constdata)
    OsCfg_USE_POSTTASK_HOOK                  0x000019fc   Data           1  oscfg.o(.constdata)
    OsCfg_USE_STARTUP_HOOK                   0x000019fd   Data           1  oscfg.o(.constdata)
    OsCfg_USE_STACK_OVER_FLOW_HOOK           0x000019fe   Data           1  oscfg.o(.constdata)
    OsCfg_USE_PARAMETER_ACCESS               0x000019ff   Data           1  oscfg.o(.constdata)
    OsCfg_USE_GET_SERVICE_ID                 0x00001a00   Data           1  oscfg.o(.constdata)
    OsCfg_SYSTEM_TICK_IN_MS                  0x00001a04   Data           4  oscfg.o(.constdata)
    OSTICKDURATION                           0x00001a08   Data           4  oscfg.o(.constdata)
    OsCfg_StackSize                          0x00001a0c   Data          20  oscfg.o(.constdata)
    OsCfg_ResourceTaskAuthorized             0x00001a20   Data           1  oscfg.o(.constdata)
    OsCfg_ResourceCeilPri                    0x00001a21   Data           1  oscfg.o(.constdata)
    Region$$Table$$Base                      0x00001a24   Number         0  anon$$obj.o(Region$$Table)
    Region$$Table$$Limit                     0x00001a44   Number         0  anon$$obj.o(Region$$Table)
    OsCfg_TCBs                               0x20000004   Data         168  oscfg.o(.data)
    SVCCnxt_ErrCodes                         0x200000ac   Data           5  oscfg.o(.data)
    SVCCnxt_ResMgrCnxt                       0x200000b1   Data           1  oscfg.o(.data)
    RCB                                      0x200000b2   Data           2  oscfg.o(.data)
    Current_TCB_Ref                          0x200000c4   Data           4  tcbprocessor.o(.data)
    OsCfg_Stack                              0x200000cc   Data        1064  oscfg.o(.bss)
    OsCfg_Alarms                             0x200004f4   Data          24  oscfg.o(.bss)
    __initial_sp                             0x20000710   Data           0  keiluvisoin_startup.o(STACK)



==============================================================================

Memory Map of the image

  Image Entry point : 0x000004b5

  Load Region LR_1 (Base: 0x00000000, Size: 0x00001b10, Max: 0xffffffff, ABSOLUTE)

    Execution Region ER_RO (Exec base: 0x00000000, Load base: 0x00000000, Size: 0x00001a44, Max: 0xffffffff, ABSOLUTE)

    Exec Addr    Load Addr    Size         Type   Attr      Idx    E Section Name        Object

    0x00000000   0x00000000   0x0000026c   Data   RO           81    RESET               keiluvisoin_startup.o
    0x0000026c   0x0000026c   0x00000000   Code   RO         1047  * .ARM.Collect$$$$00000000  mc_w.l(entry.o)
    0x0000026c   0x0000026c   0x00000004   Code   RO         1050    .ARM.Collect$$$$00000001  mc_w.l(entry2.o)
    0x00000270   0x00000270   0x00000004   Code   RO         1053    .ARM.Collect$$$$00000004  mc_w.l(entry5.o)
    0x00000274   0x00000274   0x00000000   Code   RO         1055    .ARM.Collect$$$$00000008  mc_w.l(entry7b.o)
    0x00000274   0x00000274   0x00000000   Code   RO         1057    .ARM.Collect$$$$0000000A  mc_w.l(entry8b.o)
    0x00000274   0x00000274   0x00000008   Code   RO         1058    .ARM.Collect$$$$0000000B  mc_w.l(entry9a.o)
    0x0000027c   0x0000027c   0x00000000   Code   RO         1060    .ARM.Collect$$$$0000000D  mc_w.l(entry10a.o)
    0x0000027c   0x0000027c   0x00000000   Code   RO         1062    .ARM.Collect$$$$0000000F  mc_w.l(entry11a.o)
    0x0000027c   0x0000027c   0x00000004   Code   RO         1051    .ARM.Collect$$$$00002712  mc_w.l(entry2.o)
    0x00000280   0x00000280   0x00000006   Code   RO          503    .emb_text           driverlib.lib(sysctl.o)
    0x00000286   0x00000286   0x00000002   PAD
    0x00000288   0x00000288   0x000001cc   Code   RO            1    .text               osekintro_example5.o
    0x00000454   0x00000454   0x00000054   Code   RO           43    .text               counter.o
    0x000004a8   0x000004a8   0x0000000a   Code   RO           64    .text               hook.o
    0x000004b2   0x000004b2   0x00000002   PAD
    0x000004b4   0x000004b4   0x000000fc   Code   RO           82  * .text               keiluvisoin_startup.o
    0x000005b0   0x000005b0   0x000003e0   Code   RO          101    .text               OsekLib.lib(alarm.o)
    0x00000990   0x00000990   0x00000168   Code   RO          139    .text               OsekLib.lib(task.o)
    0x00000af8   0x00000af8   0x0000005a   Code   RO          169    .text               OsekLib.lib(port.o)
    0x00000b52   0x00000b52   0x00000002   PAD
    0x00000b54   0x00000b54   0x0000005c   Code   RO          857    .text               OsekLib.lib(errmgr.o)
    0x00000bb0   0x00000bb0   0x0000011c   Code   RO          871    .text               OsekLib.lib(rcbprocessor.o)
    0x00000ccc   0x00000ccc   0x00000058   Code   RO          883    .text               OsekLib.lib(svccontext.o)
    0x00000d24   0x00000d24   0x00000a38   Code   RO          897    .text               OsekLib.lib(tcbprocessor.o)
    0x0000175c   0x0000175c   0x00000084   Code   RO          912    .text               OsekLib.lib(portable.o)
    0x000017e0   0x000017e0   0x00000024   Code   RO         1064    .text               mc_w.l(init.o)
    0x00001804   0x00001804   0x00000028   Code   RO          177    i.GPIODirModeSet    driverlib.lib(gpio.o)
    0x0000182c   0x0000182c   0x0000013a   Code   RO          189    i.GPIOPadConfigSet  driverlib.lib(gpio.o)
    0x00001966   0x00001966   0x00000006   Code   RO          191    i.GPIOPinRead       driverlib.lib(gpio.o)
    0x0000196c   0x0000196c   0x0000001c   Code   RO          200    i.GPIOPinTypeGPIOInput  driverlib.lib(gpio.o)
    0x00001988   0x00001988   0x0000001c   Code   RO          201    i.GPIOPinTypeGPIOOutput  driverlib.lib(gpio.o)
    0x000019a4   0x000019a4   0x00000006   Code   RO          219    i.GPIOPinWrite      driverlib.lib(gpio.o)
    0x000019aa   0x000019aa   0x00000002   PAD
    0x000019ac   0x000019ac   0x00000028   Code   RO          537    i.SysCtlPeripheralEnable  driverlib.lib(sysctl.o)
    0x000019d4   0x000019d4   0x0000000e   Code   RO         1068    i.__scatterload_copy  mc_w.l(handlers.o)
    0x000019e2   0x000019e2   0x00000002   Code   RO         1069    i.__scatterload_null  mc_w.l(handlers.o)
    0x000019e4   0x000019e4   0x0000000e   Code   RO         1070    i.__scatterload_zeroinit  mc_w.l(handlers.o)
    0x000019f2   0x000019f2   0x00000002   PAD
    0x000019f4   0x000019f4   0x0000002e   Data   RO           88    .constdata          oscfg.o
    0x00001a22   0x00001a22   0x00000002   PAD
    0x00001a24   0x00001a24   0x00000020   Data   RO         1066    Region$$Table       anon$$obj.o


    Execution Region ER_RW (Exec base: 0x20000000, Load base: 0x00001a44, Size: 0x000000cc, Max: 0xffffffff, ABSOLUTE)

    Exec Addr    Load Addr    Size         Type   Attr      Idx    E Section Name        Object

    0x20000000   0x00001a44   0x00000004   Data   RW           44    .data               counter.o
    0x20000004   0x00001a48   0x000000b0   Data   RW           89    .data               oscfg.o
    0x200000b4   0x00001af8   0x0000000c   Data   RW          858    .data               OsekLib.lib(errmgr.o)
    0x200000c0   0x00001b04   0x00000003   Data   RW          884    .data               OsekLib.lib(svccontext.o)
    0x200000c3   0x00001b07   0x00000001   PAD
    0x200000c4   0x00001b08   0x00000006   Data   RW          898    .data               OsekLib.lib(tcbprocessor.o)


    Execution Region ER_ZI (Exec base: 0x200000cc, Load base: 0x00001b10, Size: 0x00000644, Max: 0xffffffff, ABSOLUTE)

    Exec Addr    Load Addr    Size         Type   Attr      Idx    E Section Name        Object

    0x200000cc        -       0x00000440   Zero   RW           87    .bss                oscfg.o
    0x2000050c   0x00001b10   0x00000004   PAD
    0x20000510        -       0x00000200   Zero   RW           79    STACK               keiluvisoin_startup.o


==============================================================================

Image component sizes


      Code (inc. data)   RO Data    RW Data    ZI Data      Debug   Object Name

        84         12          0          4          0       1210   counter.o
        10          0          0          0          0       3455   hook.o
       252         10        620          0        512       5552   keiluvisoin_startup.o
         0          0         46        176       1088       2021   oscfg.o
       460         20          0          0          0       8780   osekintro_example5.o

    ----------------------------------------------------------------------
       808         42        700        180       1604      21018   Object Totals
         0          0         32          0          0          0   (incl. Generated)
         2          0          2          0          4          0   (incl. Padding)

    ----------------------------------------------------------------------

      Code (inc. data)   RO Data    RW Data    ZI Data      Debug   Library Member Name

       992         20          0          0          0      10084   alarm.o
        92         22          0         12          0       2466   errmgr.o
        90          0          0          0          0        256   port.o
       132          0          0          0          0       1602   portable.o
       284         20          0          0          0        864   rcbprocessor.o
        88         18          0          3          0       2614   svccontext.o
       360         26          0          0          0       2903   task.o
      2616        114          0          6          0      10812   tcbprocessor.o
       422          0          0          0          0       5908   gpio.o
        46          4          0          0          0        741   sysctl.o
         0          0          0          0          0          0   entry.o
         0          0          0          0          0          0   entry10a.o
         0          0          0          0          0          0   entry11a.o
         8          4          0          0          0          0   entry2.o
         4          0          0          0          0          0   entry5.o
         0          0          0          0          0          0   entry7b.o
         0          0          0          0          0          0   entry8b.o
         8          4          0          0          0          0   entry9a.o
        30          0          0          0          0          0   handlers.o
        36          8          0          0          0         68   init.o

    ----------------------------------------------------------------------
      5216        240          0         24          0      38318   Library Totals
         8          0          0          3          0          0   (incl. Padding)

    ----------------------------------------------------------------------

      Code (inc. data)   RO Data    RW Data    ZI Data      Debug   Library Name

      4654        220          0         21          0      31601   OsekLib.lib
       468          4          0          0          0       6649   driverlib.lib
        86         16          0          0          0         68   mc_w.l

    ----------------------------------------------------------------------
      5216        240          0         24          0      38318   Library Totals

    ----------------------------------------------------------------------

==============================================================================


      Code (inc. data)   RO Data    RW Data    ZI Data      Debug   

      6024        282        700        204       1604      58316   Grand Totals
      6024        282        700        204       1604      58316   ELF Image Totals
      6024        282        700        204          0          0   ROM Totals

==============================================================================

    Total RO  Size (Code + RO Data)                 6724 (   6.57kB)
    Total RW  Size (RW Data + ZI Data)              1808 (   1.77kB)
    Total ROM Size (Code + RO Data + RW Data)       6928 (   6.77kB)

==============================================================================

