Component: ARM Compiler 5.06 update 6 (build 750) Tool: armlink [4d35ed]

==============================================================================

Section Cross References

    counter.o(.text) refers to oscfg.o(.constdata) for OsCfg_SYSTEM_TICK_IN_MS
    counter.o(.text) refers to counter.o(.data) for OsCnt_SystemCounter
    keiluvisoin_startup.o(RESET) refers to keiluvisoin_startup.o(STACK) for __initial_sp
    keiluvisoin_startup.o(RESET) refers to keiluvisoin_startup.o(.text) for Reset_Handler
    keiluvisoin_startup.o(RESET) refers to task.o(.text) for SVC_Dispatcher
    keiluvisoin_startup.o(RESET) refers to port.o(.text) for OsPort_PendSVHandler
    keiluvisoin_startup.o(RESET) refers to alarm.o(.text) for SystemTimerHandler
    keiluvisoin_startup.o(.text) refers to osekintro_example6.o(.text) for SystemInit
    keiluvisoin_startup.o(.text) refers to entry.o(.ARM.Collect$$$$00000000) for __main
    oscfg.o(.data) refers to osekintro_example6.o(.text) for OsTask_TaskA
    oscfg.o(.data) refers to task.o(.text) for OsTask_IdleMechanism
    osekintro_example6.o(.text) refers to task.o(.text) for StartOS
    osekintro_example6.o(.text) refers to resource.o(.text) for GetResource
    osekintro_example6.o(.text) refers to osekintro_example6.o(.data) for TaskA_Counter
    alarm.o(.text) refers to counter.o(.text) for OsCnt_GetSystemCounter
    alarm.o(.text) refers to tcbprocessor.o(.text) for OsTcb_GetTaskStateProcessor
    alarm.o(.text) refers to errmgr.o(.text) for OsErrMgr_SetServiceID
    alarm.o(.text) refers to hook.o(.text) for ErrorHook
    alarm.o(.text) refers to port.o(.text) for OsPort_PushUpperContext
    alarm.o(.text) refers to oscfg.o(.bss) for OsCfg_Alarms
    alarm.o(.text) refers to oscfg.o(.constdata) for OsCfg_USE_ERROR_HOOK
    resource.o(.text) refers to tcbprocessor.o(.text) for OsTcb_GetTaskIDProcessor
    resource.o(.text) refers to svccontext.o(.text) for SVCCnxt_ResMgrSetResID
    task.o(.text) refers to tcbprocessor.o(.text) for OsTcb_TasksInit
    task.o(.text) refers to hook.o(.text) for StartupHook
    task.o(.text) refers to counter.o(.text) for SysTick_Init
    task.o(.text) refers to port.o(.text) for OsPort_JumpToApp
    task.o(.text) refers to svccontext.o(.text) for SVCCnxt_TskMgrSetTskID
    task.o(.text) refers to portable.o(.text) for OsPort_GetPSP
    task.o(.text) refers to rcbprocessor.o(.text) for OsRes_GetResourceProcessor
    task.o(.text) refers to oscfg.o(.constdata) for OsCfg_USE_STARTUP_HOOK
    port.o(.text) refers to portable.o(.text) for OsPort_SetThreadMode
    port.o(.text) refers to tcbprocessor.o(.text) for OsTcb_GetCurrentTCBRef
    errmgr.o(.text) refers to errmgr.o(.data) for OsErrMgr_DetectedService
    rcbprocessor.o(.text) refers to tcbprocessor.o(.text) for OsTcb_GetTaskIDProcessor
    rcbprocessor.o(.text) refers to svccontext.o(.text) for SVCCnxt_ResMgrGetResID
    rcbprocessor.o(.text) refers to errmgr.o(.text) for OsErrMgr_SetServiceID
    rcbprocessor.o(.text) refers to hook.o(.text) for ErrorHook
    rcbprocessor.o(.text) refers to oscfg.o(.constdata) for OsCfg_MAX_NUM_OF_RESOURCES
    rcbprocessor.o(.text) refers to oscfg.o(.data) for RCB
    svccontext.o(.text) refers to oscfg.o(.data) for SVCCnxt_ErrCodes
    svccontext.o(.text) refers to svccontext.o(.data) for SVCCnxt_TskMgrCnxt
    tcbprocessor.o(.text) refers to svccontext.o(.text) for SVCCnxt_TskMgrGetTskID
    tcbprocessor.o(.text) refers to errmgr.o(.text) for OsErrMgr_SetServiceID
    tcbprocessor.o(.text) refers to hook.o(.text) for ErrorHook
    tcbprocessor.o(.text) refers to portable.o(.text) for OsPort_SetInitialStack
    tcbprocessor.o(.text) refers to oscfg.o(.data) for OsCfg_TCBs
    tcbprocessor.o(.text) refers to oscfg.o(.constdata) for OsCfg_USE_STACK_OVER_FLOW_HOOK
    tcbprocessor.o(.text) refers to oscfg.o(.bss) for OsCfg_Stack
    tcbprocessor.o(.text) refers to tcbprocessor.o(.data) for TcbProcessor_RunningTaskID
    tcbprocessor.o(.text) refers to task.o(.text) for OsTask_IdleMechanism
    tcbprocessor.o(.data) refers to oscfg.o(.data) for OsCfg_TCBs
    entry.o(.ARM.Collect$$$$00000000) refers (Special) to entry10a.o(.ARM.Collect$$$$0000000D) for __rt_final_cpp
    entry.o(.ARM.Collect$$$$00000000) refers (Special) to entry11a.o(.ARM.Collect$$$$0000000F) for __rt_final_exit
    entry.o(.ARM.Collect$$$$00000000) refers (Special) to entry7b.o(.ARM.Collect$$$$00000008) for _main_clock
    entry.o(.ARM.Collect$$$$00000000) refers (Special) to entry8b.o(.ARM.Collect$$$$0000000A) for _main_cpp_init
    entry.o(.ARM.Collect$$$$00000000) refers (Special) to entry9a.o(.ARM.Collect$$$$0000000B) for _main_init
    entry.o(.ARM.Collect$$$$00000000) refers (Special) to entry5.o(.ARM.Collect$$$$00000004) for _main_scatterload
    entry.o(.ARM.Collect$$$$00000000) refers (Special) to entry2.o(.ARM.Collect$$$$00000001) for _main_stk
    entry2.o(.ARM.Collect$$$$00000001) refers to entry2.o(.ARM.Collect$$$$00002712) for __lit__00000000
    entry2.o(.ARM.Collect$$$$00002712) refers to keiluvisoin_startup.o(STACK) for __initial_sp
    entry2.o(__vectab_stack_and_reset_area) refers to keiluvisoin_startup.o(STACK) for __initial_sp
    entry2.o(__vectab_stack_and_reset_area) refers to entry.o(.ARM.Collect$$$$00000000) for __main
    entry5.o(.ARM.Collect$$$$00000004) refers to init.o(.text) for __scatterload
    entry9a.o(.ARM.Collect$$$$0000000B) refers to osekintro_example6.o(.text) for main
    entry9b.o(.ARM.Collect$$$$0000000C) refers to osekintro_example6.o(.text) for main
    init.o(.text) refers to entry5.o(.ARM.Collect$$$$00000004) for __main_after_scatterload


==============================================================================

Removing Unused input sections from the image.

    Removing keiluvisoin_startup.o(HEAP), (0 bytes).

1 unused section(s) (total 0 bytes) removed from the image.

==============================================================================

Image Symbol Table

    Local Symbols

    Symbol Name                              Value     Ov Type        Size  Object(Section)

    RESET                                    0x00000000   Section      620  keiluvisoin_startup.o(RESET)
    ../clib/microlib/init/entry.s            0x00000000   Number         0  entry11b.o ABSOLUTE
    ../clib/microlib/init/entry.s            0x00000000   Number         0  entry5.o ABSOLUTE
    ../clib/microlib/init/entry.s            0x00000000   Number         0  entry7a.o ABSOLUTE
    ../clib/microlib/init/entry.s            0x00000000   Number         0  entry11a.o ABSOLUTE
    ../clib/microlib/init/entry.s            0x00000000   Number         0  entry10b.o ABSOLUTE
    ../clib/microlib/init/entry.s            0x00000000   Number         0  entry7b.o ABSOLUTE
    ../clib/microlib/init/entry.s            0x00000000   Number         0  entry8a.o ABSOLUTE
    ../clib/microlib/init/entry.s            0x00000000   Number         0  entry8b.o ABSOLUTE
    ../clib/microlib/init/entry.s            0x00000000   Number         0  entry9a.o ABSOLUTE
    ../clib/microlib/init/entry.s            0x00000000   Number         0  entry9b.o ABSOLUTE
    ../clib/microlib/init/entry.s            0x00000000   Number         0  entry10a.o ABSOLUTE
    ../clib/microlib/init/entry.s            0x00000000   Number         0  entry.o ABSOLUTE
    ../clib/microlib/init/entry.s            0x00000000   Number         0  entry2.o ABSOLUTE
    OsCfg.c                                  0x00000000   Number         0  oscfg.o ABSOLUTE
    OsekIntro_Example6.c                     0x00000000   Number         0  osekintro_example6.o ABSOLUTE
    OsekLib\counter.c                        0x00000000   Number         0  counter.o ABSOLUTE
    OsekLib\hook.c                           0x00000000   Number         0  hook.o ABSOLUTE
    OsekLib\startup\keilUvisoin_startup.s    0x00000000   Number         0  keiluvisoin_startup.o ABSOLUTE
    dc.s                                     0x00000000   Number         0  dc.o ABSOLUTE
    handlers.s                               0x00000000   Number         0  handlers.o ABSOLUTE
    init.s                                   0x00000000   Number         0  init.o ABSOLUTE
    src\ErrMgr.c                             0x00000000   Number         0  errmgr.o ABSOLUTE
    src\RcbProcessor.c                       0x00000000   Number         0  rcbprocessor.o ABSOLUTE
    src\SVCContext.c                         0x00000000   Number         0  svccontext.o ABSOLUTE
    src\TcbProcessor.c                       0x00000000   Number         0  tcbprocessor.o ABSOLUTE
    src\alarm.c                              0x00000000   Number         0  alarm.o ABSOLUTE
    src\portable\Keil\port.s                 0x00000000   Number         0  port.o ABSOLUTE
    src\portable\Keil\portable.c             0x00000000   Number         0  portable.o ABSOLUTE
    src\resource.c                           0x00000000   Number         0  resource.o ABSOLUTE
    src\task.c                               0x00000000   Number         0  task.o ABSOLUTE
    .ARM.Collect$$$$00000000                 0x0000026c   Section        0  entry.o(.ARM.Collect$$$$00000000)
    .ARM.Collect$$$$00000001                 0x0000026c   Section        4  entry2.o(.ARM.Collect$$$$00000001)
    .ARM.Collect$$$$00000004                 0x00000270   Section        4  entry5.o(.ARM.Collect$$$$00000004)
    .ARM.Collect$$$$00000008                 0x00000274   Section        0  entry7b.o(.ARM.Collect$$$$00000008)
    .ARM.Collect$$$$0000000A                 0x00000274   Section        0  entry8b.o(.ARM.Collect$$$$0000000A)
    .ARM.Collect$$$$0000000B                 0x00000274   Section        8  entry9a.o(.ARM.Collect$$$$0000000B)
    .ARM.Collect$$$$0000000D                 0x0000027c   Section        0  entry10a.o(.ARM.Collect$$$$0000000D)
    .ARM.Collect$$$$0000000F                 0x0000027c   Section        0  entry11a.o(.ARM.Collect$$$$0000000F)
    .ARM.Collect$$$$00002712                 0x0000027c   Section        4  entry2.o(.ARM.Collect$$$$00002712)
    __lit__00000000                          0x0000027c   Data           4  entry2.o(.ARM.Collect$$$$00002712)
    .text                                    0x00000280   Section        0  counter.o(.text)
    .text                                    0x000002d4   Section        0  hook.o(.text)
    .text                                    0x000002e0   Section      252  keiluvisoin_startup.o(.text)
    .text                                    0x000003dc   Section        0  osekintro_example6.o(.text)
    SimpleDelay                              0x000003e7   Thumb Code    16  osekintro_example6.o(.text)
    .text                                    0x00000468   Section        0  alarm.o(.text)
    OsAlrm_AssignAlarmEntry                  0x00000505   Thumb Code    38  alarm.o(.text)
    OsAlrm_ValidateStartValue                0x0000052b   Thumb Code    44  alarm.o(.text)
    OsAlrm_ValidateCycle                     0x00000557   Thumb Code    46  alarm.o(.text)
    OsAlrm_AlarmActionExecute                0x00000657   Thumb Code   200  alarm.o(.text)
    OsAlrm_AlarmFireProcessor                0x0000071f   Thumb Code    82  alarm.o(.text)
    SystemAlarmsProcessor                    0x00000771   Thumb Code    74  alarm.o(.text)
    OsAlrm_ValidateID                        0x000007e7   Thumb Code    16  alarm.o(.text)
    OsAlrm_GetFirePoint                      0x000007f7   Thumb Code    14  alarm.o(.text)
    OsAlrm_AlarmIsEnabled                    0x00000805   Thumb Code    16  alarm.o(.text)
    OsAlrm_DisableAlarm                      0x00000815   Thumb Code    16  alarm.o(.text)
    OsAlrm_GetAlrmTaskID                     0x00000825   Thumb Code    16  alarm.o(.text)
    .text                                    0x00000848   Section        0  resource.o(.text)
    .text                                    0x0000088c   Section        0  task.o(.text)
    .text                                    0x000009f4   Section       90  port.o(.text)
    .text                                    0x00000a50   Section        0  errmgr.o(.text)
    .text                                    0x00000aac   Section        0  rcbprocessor.o(.text)
    .text                                    0x00000bc8   Section        0  svccontext.o(.text)
    .text                                    0x00000c20   Section        0  tcbprocessor.o(.text)
    OsTcb_SetInitialStack                    0x00000c21   Thumb Code   252  tcbprocessor.o(.text)
    OsTcb_StackPointersInit                  0x00000d1d   Thumb Code   110  tcbprocessor.o(.text)
    OsTcb_SetTaskState                       0x00000dbb   Thumb Code    20  tcbprocessor.o(.text)
    OsTcb_ResetTaskEvent                     0x00000de5   Thumb Code    26  tcbprocessor.o(.text)
    OsTcb_ResetTCB                           0x00000e7b   Thumb Code    66  tcbprocessor.o(.text)
    OsTcb_CheckEventTrigger                  0x000010db   Thumb Code    42  tcbprocessor.o(.text)
    OsTcb_SetTaskEvent                       0x00001105   Thumb Code    30  tcbprocessor.o(.text)
    OsTcb_StackCanarInit                     0x000014dd   Thumb Code   114  tcbprocessor.o(.text)
    OsTcb_IdleTaskInit                       0x0000154f   Thumb Code   144  tcbprocessor.o(.text)
    OsTcb_GetTaskPriority                    0x000015df   Thumb Code    16  tcbprocessor.o(.text)
    OsTcb_TaskModelIsBasic                   0x000015ef   Thumb Code    24  tcbprocessor.o(.text)
    OsTcb_TaskIDValid                        0x00001607   Thumb Code    18  tcbprocessor.o(.text)
    OsTcb_SetCurrentTCBRef                   0x00001619   Thumb Code    16  tcbprocessor.o(.text)
    .text                                    0x00001658   Section        0  portable.o(.text)
    .text                                    0x000016dc   Section       36  init.o(.text)
    i.__scatterload_copy                     0x00001700   Section       14  handlers.o(i.__scatterload_copy)
    i.__scatterload_null                     0x0000170e   Section        2  handlers.o(i.__scatterload_null)
    i.__scatterload_zeroinit                 0x00001710   Section       14  handlers.o(i.__scatterload_zeroinit)
    .constdata                               0x00001720   Section       40  oscfg.o(.constdata)
    .data                                    0x20000000   Section        4  counter.o(.data)
    OsCnt_SystemCounter                      0x20000000   Data           4  counter.o(.data)
    .data                                    0x20000004   Section      120  oscfg.o(.data)
    .data                                    0x2000007c   Section       12  osekintro_example6.o(.data)
    TaskA_Counter                            0x2000007c   Data           4  osekintro_example6.o(.data)
    TaskB_Counter                            0x20000080   Data           4  osekintro_example6.o(.data)
    TaskC_Counter                            0x20000084   Data           4  osekintro_example6.o(.data)
    .data                                    0x20000088   Section       12  errmgr.o(.data)
    OsErrMgr_DetectedService                 0x20000088   Data           1  errmgr.o(.data)
    OsErrMgr_DetectedTaskID                  0x20000089   Data           1  errmgr.o(.data)
    OsErrMgr_DetectedEventID                 0x2000008a   Data           1  errmgr.o(.data)
    OSErrMgr_DetectedResID                   0x2000008b   Data           1  errmgr.o(.data)
    OsErrMgr_OverflowContext                 0x2000008c   Data           8  errmgr.o(.data)
    .data                                    0x20000094   Section        3  svccontext.o(.data)
    SVCCnxt_TskMgrCnxt                       0x20000094   Data           1  svccontext.o(.data)
    SVCCnxt_EventMgrCnxt                     0x20000095   Data           2  svccontext.o(.data)
    .data                                    0x20000098   Section        6  tcbprocessor.o(.data)
    TcbProcessor_RunningTaskID               0x2000009c   Data           1  tcbprocessor.o(.data)
    PreTaskHookIsSilent                      0x2000009d   Data           1  tcbprocessor.o(.data)
    .bss                                     0x200000a0   Section      688  oscfg.o(.bss)
    STACK                                    0x20000350   Section      512  keiluvisoin_startup.o(STACK)

    Global Symbols

    Symbol Name                              Value     Ov Type        Size  Object(Section)

    BuildAttributes$$THM_ISAv4$E$P$D$K$B$S$7EM$PE$A:L22UL41UL21$X:L11$S22US41US21$IEEE1$IW$USESV6$~STKCKD$USESV7$~SHL$OSPACE$EBA8$MICROLIB$REQ8$PRES8$EABIv2 0x00000000   Number         0  anon$$obj.o ABSOLUTE
    __ARM_use_no_argv                        0x00000000   Number         0  osekintro_example6.o ABSOLUTE
    __Vectors                                0x00000000   Data           4  keiluvisoin_startup.o(RESET)
    __cpp_initialize__aeabi_                  - Undefined Weak Reference
    __cxa_finalize                            - Undefined Weak Reference
    __decompress                              - Undefined Weak Reference
    _clock_init                               - Undefined Weak Reference
    _microlib_exit                            - Undefined Weak Reference
    __Vectors_End                            0x0000026c   Data           0  keiluvisoin_startup.o(RESET)
    __Vectors_Size                           0x0000026c   Number         0  keiluvisoin_startup.o ABSOLUTE
    __main                                   0x0000026d   Thumb Code     0  entry.o(.ARM.Collect$$$$00000000)
    _main_stk                                0x0000026d   Thumb Code     0  entry2.o(.ARM.Collect$$$$00000001)
    _main_scatterload                        0x00000271   Thumb Code     0  entry5.o(.ARM.Collect$$$$00000004)
    __main_after_scatterload                 0x00000275   Thumb Code     0  entry5.o(.ARM.Collect$$$$00000004)
    _main_clock                              0x00000275   Thumb Code     0  entry7b.o(.ARM.Collect$$$$00000008)
    _main_cpp_init                           0x00000275   Thumb Code     0  entry8b.o(.ARM.Collect$$$$0000000A)
    _main_init                               0x00000275   Thumb Code     0  entry9a.o(.ARM.Collect$$$$0000000B)
    __rt_final_cpp                           0x0000027d   Thumb Code     0  entry10a.o(.ARM.Collect$$$$0000000D)
    __rt_final_exit                          0x0000027d   Thumb Code     0  entry11a.o(.ARM.Collect$$$$0000000F)
    SysTick_Init                             0x00000281   Thumb Code    54  counter.o(.text)
    OsCnt_IncrSystemCounter                  0x000002b7   Thumb Code    12  counter.o(.text)
    OsCnt_GetSystemCounter                   0x000002c3   Thumb Code     6  counter.o(.text)
    ErrorHook                                0x000002d5   Thumb Code     2  hook.o(.text)
    StartupHook                              0x000002d7   Thumb Code     2  hook.o(.text)
    PreTaskHook                              0x000002d9   Thumb Code     2  hook.o(.text)
    PostTaskHook                             0x000002db   Thumb Code     2  hook.o(.text)
    StackOverFlowHook                        0x000002dd   Thumb Code     2  hook.o(.text)
    Reset_Handler                            0x000002e1   Thumb Code     8  keiluvisoin_startup.o(.text)
    NMI_Handler                              0x000002e9   Thumb Code     2  keiluvisoin_startup.o(.text)
    HardFault_Handler                        0x000002eb   Thumb Code     2  keiluvisoin_startup.o(.text)
    MemManage_Handler                        0x000002ed   Thumb Code     2  keiluvisoin_startup.o(.text)
    BusFault_Handler                         0x000002ef   Thumb Code     2  keiluvisoin_startup.o(.text)
    UsageFault_Handler                       0x000002f1   Thumb Code     2  keiluvisoin_startup.o(.text)
    SVC_Handler                              0x000002f3   Thumb Code     2  keiluvisoin_startup.o(.text)
    DebugMon_Handler                         0x000002f5   Thumb Code     2  keiluvisoin_startup.o(.text)
    PendSV_Handler                           0x000002f7   Thumb Code     2  keiluvisoin_startup.o(.text)
    SysTick_Handler                          0x000002f9   Thumb Code     2  keiluvisoin_startup.o(.text)
    GPIOA_Handler                            0x000002fb   Thumb Code     2  keiluvisoin_startup.o(.text)
    GPIOB_Handler                            0x000002fd   Thumb Code     2  keiluvisoin_startup.o(.text)
    GPIOC_Handler                            0x000002ff   Thumb Code     2  keiluvisoin_startup.o(.text)
    GPIOD_Handler                            0x00000301   Thumb Code     2  keiluvisoin_startup.o(.text)
    GPIOE_Handler                            0x00000303   Thumb Code     2  keiluvisoin_startup.o(.text)
    UART0_Handler                            0x00000305   Thumb Code     2  keiluvisoin_startup.o(.text)
    UART1_Handler                            0x00000307   Thumb Code     2  keiluvisoin_startup.o(.text)
    SSI0_Handler                             0x00000309   Thumb Code     2  keiluvisoin_startup.o(.text)
    I2C0_Handler                             0x0000030b   Thumb Code     2  keiluvisoin_startup.o(.text)
    PMW0_FAULT_Handler                       0x0000030d   Thumb Code     2  keiluvisoin_startup.o(.text)
    PWM0_0_Handler                           0x0000030f   Thumb Code     2  keiluvisoin_startup.o(.text)
    PWM0_1_Handler                           0x00000311   Thumb Code     2  keiluvisoin_startup.o(.text)
    PWM0_2_Handler                           0x00000313   Thumb Code     2  keiluvisoin_startup.o(.text)
    QEI0_Handler                             0x00000315   Thumb Code     2  keiluvisoin_startup.o(.text)
    ADC0SS0_Handler                          0x00000317   Thumb Code     2  keiluvisoin_startup.o(.text)
    ADC0SS1_Handler                          0x00000319   Thumb Code     2  keiluvisoin_startup.o(.text)
    ADC0SS2_Handler                          0x0000031b   Thumb Code     2  keiluvisoin_startup.o(.text)
    ADC0SS3_Handler                          0x0000031d   Thumb Code     2  keiluvisoin_startup.o(.text)
    WDT0_Handler                             0x0000031f   Thumb Code     2  keiluvisoin_startup.o(.text)
    TIMER0A_Handler                          0x00000321   Thumb Code     2  keiluvisoin_startup.o(.text)
    TIMER0B_Handler                          0x00000323   Thumb Code     2  keiluvisoin_startup.o(.text)
    TIMER1A_Handler                          0x00000325   Thumb Code     2  keiluvisoin_startup.o(.text)
    TIMER1B_Handler                          0x00000327   Thumb Code     2  keiluvisoin_startup.o(.text)
    TIMER2A_Handler                          0x00000329   Thumb Code     2  keiluvisoin_startup.o(.text)
    TIMER2B_Handler                          0x0000032b   Thumb Code     2  keiluvisoin_startup.o(.text)
    COMP0_Handler                            0x0000032d   Thumb Code     2  keiluvisoin_startup.o(.text)
    COMP1_Handler                            0x0000032f   Thumb Code     2  keiluvisoin_startup.o(.text)
    COMP2_Handler                            0x00000331   Thumb Code     2  keiluvisoin_startup.o(.text)
    SYSCTL_Handler                           0x00000333   Thumb Code     2  keiluvisoin_startup.o(.text)
    FLASH_Handler                            0x00000335   Thumb Code     2  keiluvisoin_startup.o(.text)
    GPIOF_Handler                            0x00000337   Thumb Code     2  keiluvisoin_startup.o(.text)
    GPIOG_Handler                            0x00000339   Thumb Code     2  keiluvisoin_startup.o(.text)
    GPIOH_Handler                            0x0000033b   Thumb Code     2  keiluvisoin_startup.o(.text)
    UART2_Handler                            0x0000033d   Thumb Code     2  keiluvisoin_startup.o(.text)
    SSI1_Handler                             0x0000033f   Thumb Code     2  keiluvisoin_startup.o(.text)
    TIMER3A_Handler                          0x00000341   Thumb Code     2  keiluvisoin_startup.o(.text)
    TIMER3B_Handler                          0x00000343   Thumb Code     2  keiluvisoin_startup.o(.text)
    I2C1_Handler                             0x00000345   Thumb Code     2  keiluvisoin_startup.o(.text)
    QEI1_Handler                             0x00000347   Thumb Code     2  keiluvisoin_startup.o(.text)
    CAN0_Handler                             0x00000349   Thumb Code     2  keiluvisoin_startup.o(.text)
    CAN1_Handler                             0x0000034b   Thumb Code     2  keiluvisoin_startup.o(.text)
    CAN2_Handler                             0x0000034d   Thumb Code     2  keiluvisoin_startup.o(.text)
    HIB_Handler                              0x0000034f   Thumb Code     2  keiluvisoin_startup.o(.text)
    USB0_Handler                             0x00000351   Thumb Code     2  keiluvisoin_startup.o(.text)
    PWM0_3_Handler                           0x00000353   Thumb Code     2  keiluvisoin_startup.o(.text)
    UDMA_Handler                             0x00000355   Thumb Code     2  keiluvisoin_startup.o(.text)
    UDMAERR_Handler                          0x00000357   Thumb Code     2  keiluvisoin_startup.o(.text)
    ADC1SS0_Handler                          0x00000359   Thumb Code     2  keiluvisoin_startup.o(.text)
    ADC1SS1_Handler                          0x0000035b   Thumb Code     2  keiluvisoin_startup.o(.text)
    ADC1SS2_Handler                          0x0000035d   Thumb Code     2  keiluvisoin_startup.o(.text)
    ADC1SS3_Handler                          0x0000035f   Thumb Code     2  keiluvisoin_startup.o(.text)
    GPIOJ_Handler                            0x00000361   Thumb Code     2  keiluvisoin_startup.o(.text)
    GPIOK_Handler                            0x00000363   Thumb Code     2  keiluvisoin_startup.o(.text)
    GPIOL_Handler                            0x00000365   Thumb Code     2  keiluvisoin_startup.o(.text)
    SSI2_Handler                             0x00000367   Thumb Code     2  keiluvisoin_startup.o(.text)
    SSI3_Handler                             0x00000369   Thumb Code     2  keiluvisoin_startup.o(.text)
    UART3_Handler                            0x0000036b   Thumb Code     2  keiluvisoin_startup.o(.text)
    UART4_Handler                            0x0000036d   Thumb Code     2  keiluvisoin_startup.o(.text)
    UART5_Handler                            0x0000036f   Thumb Code     2  keiluvisoin_startup.o(.text)
    UART6_Handler                            0x00000371   Thumb Code     2  keiluvisoin_startup.o(.text)
    UART7_Handler                            0x00000373   Thumb Code     2  keiluvisoin_startup.o(.text)
    I2C2_Handler                             0x00000375   Thumb Code     2  keiluvisoin_startup.o(.text)
    I2C3_Handler                             0x00000377   Thumb Code     2  keiluvisoin_startup.o(.text)
    TIMER4A_Handler                          0x00000379   Thumb Code     2  keiluvisoin_startup.o(.text)
    TIMER4B_Handler                          0x0000037b   Thumb Code     2  keiluvisoin_startup.o(.text)
    TIMER5A_Handler                          0x0000037d   Thumb Code     2  keiluvisoin_startup.o(.text)
    TIMER5B_Handler                          0x0000037f   Thumb Code     2  keiluvisoin_startup.o(.text)
    WTIMER0A_Handler                         0x00000381   Thumb Code     2  keiluvisoin_startup.o(.text)
    WTIMER0B_Handler                         0x00000383   Thumb Code     2  keiluvisoin_startup.o(.text)
    WTIMER1A_Handler                         0x00000385   Thumb Code     2  keiluvisoin_startup.o(.text)
    WTIMER1B_Handler                         0x00000387   Thumb Code     2  keiluvisoin_startup.o(.text)
    WTIMER2A_Handler                         0x00000389   Thumb Code     2  keiluvisoin_startup.o(.text)
    WTIMER2B_Handler                         0x0000038b   Thumb Code     2  keiluvisoin_startup.o(.text)
    WTIMER3A_Handler                         0x0000038d   Thumb Code     2  keiluvisoin_startup.o(.text)
    WTIMER3B_Handler                         0x0000038f   Thumb Code     2  keiluvisoin_startup.o(.text)
    WTIMER4A_Handler                         0x00000391   Thumb Code     2  keiluvisoin_startup.o(.text)
    WTIMER4B_Handler                         0x00000393   Thumb Code     2  keiluvisoin_startup.o(.text)
    WTIMER5A_Handler                         0x00000395   Thumb Code     2  keiluvisoin_startup.o(.text)
    WTIMER5B_Handler                         0x00000397   Thumb Code     2  keiluvisoin_startup.o(.text)
    FPU_Handler                              0x00000399   Thumb Code     2  keiluvisoin_startup.o(.text)
    I2C4_Handler                             0x0000039b   Thumb Code     2  keiluvisoin_startup.o(.text)
    I2C5_Handler                             0x0000039d   Thumb Code     2  keiluvisoin_startup.o(.text)
    GPIOM_Handler                            0x0000039f   Thumb Code     2  keiluvisoin_startup.o(.text)
    GPION_Handler                            0x000003a1   Thumb Code     2  keiluvisoin_startup.o(.text)
    QEI2_Handler                             0x000003a3   Thumb Code     2  keiluvisoin_startup.o(.text)
    GPIOP0_Handler                           0x000003a5   Thumb Code     2  keiluvisoin_startup.o(.text)
    GPIOP1_Handler                           0x000003a7   Thumb Code     2  keiluvisoin_startup.o(.text)
    GPIOP2_Handler                           0x000003a9   Thumb Code     2  keiluvisoin_startup.o(.text)
    GPIOP3_Handler                           0x000003ab   Thumb Code     2  keiluvisoin_startup.o(.text)
    GPIOP4_Handler                           0x000003ad   Thumb Code     2  keiluvisoin_startup.o(.text)
    GPIOP5_Handler                           0x000003af   Thumb Code     2  keiluvisoin_startup.o(.text)
    GPIOP6_Handler                           0x000003b1   Thumb Code     2  keiluvisoin_startup.o(.text)
    GPIOP7_Handler                           0x000003b3   Thumb Code     2  keiluvisoin_startup.o(.text)
    GPIOQ0_Handler                           0x000003b5   Thumb Code     2  keiluvisoin_startup.o(.text)
    GPIOQ1_Handler                           0x000003b7   Thumb Code     2  keiluvisoin_startup.o(.text)
    GPIOQ2_Handler                           0x000003b9   Thumb Code     2  keiluvisoin_startup.o(.text)
    GPIOQ3_Handler                           0x000003bb   Thumb Code     2  keiluvisoin_startup.o(.text)
    GPIOQ4_Handler                           0x000003bd   Thumb Code     2  keiluvisoin_startup.o(.text)
    GPIOQ5_Handler                           0x000003bf   Thumb Code     2  keiluvisoin_startup.o(.text)
    GPIOQ6_Handler                           0x000003c1   Thumb Code     2  keiluvisoin_startup.o(.text)
    GPIOQ7_Handler                           0x000003c3   Thumb Code     2  keiluvisoin_startup.o(.text)
    GPIOR_Handler                            0x000003c5   Thumb Code     2  keiluvisoin_startup.o(.text)
    GPIOS_Handler                            0x000003c7   Thumb Code     2  keiluvisoin_startup.o(.text)
    PMW1_0_Handler                           0x000003c9   Thumb Code     2  keiluvisoin_startup.o(.text)
    PWM1_1_Handler                           0x000003cb   Thumb Code     2  keiluvisoin_startup.o(.text)
    PWM1_2_Handler                           0x000003cd   Thumb Code     2  keiluvisoin_startup.o(.text)
    PWM1_3_Handler                           0x000003cf   Thumb Code     2  keiluvisoin_startup.o(.text)
    PWM1_FAULT_Handler                       0x000003d1   Thumb Code     2  keiluvisoin_startup.o(.text)
    SystemInit                               0x000003dd   Thumb Code     2  osekintro_example6.o(.text)
    main                                     0x000003df   Thumb Code     8  osekintro_example6.o(.text)
    OsTask_TaskA                             0x000003f7   Thumb Code    56  osekintro_example6.o(.text)
    OsTask_TaskB                             0x0000042f   Thumb Code    22  osekintro_example6.o(.text)
    OsTask_TaskC                             0x00000445   Thumb Code    22  osekintro_example6.o(.text)
    DeclareAlarm                             0x00000469   Thumb Code     2  alarm.o(.text)
    GetAlarmBase                             0x0000046b   Thumb Code    74  alarm.o(.text)
    GetAlarm                                 0x000004b5   Thumb Code    80  alarm.o(.text)
    SetAbsAlarm                              0x00000585   Thumb Code    76  alarm.o(.text)
    SetRelAlarm                              0x000005d1   Thumb Code    94  alarm.o(.text)
    CancelAlarm                              0x0000062f   Thumb Code    40  alarm.o(.text)
    SystemTimerHandler                       0x000007bb   Thumb Code    44  alarm.o(.text)
    GetResource                              0x00000849   Thumb Code    34  resource.o(.text)
    ReleaseResource                          0x0000086b   Thumb Code    34  resource.o(.text)
    StartOS                                  0x0000088d   Thumb Code    44  task.o(.text)
    ActivateTask                             0x000008b9   Thumb Code    30  task.o(.text)
    TerminateTask                            0x000008d7   Thumb Code    22  task.o(.text)
    ChainTask                                0x000008ed   Thumb Code    30  task.o(.text)
    Schedule                                 0x0000090b   Thumb Code    22  task.o(.text)
    GetTaskID                                0x00000921   Thumb Code    16  task.o(.text)
    GetTaskState                             0x00000931   Thumb Code    16  task.o(.text)
    SVC_Dispatcher                           0x00000941   Thumb Code   160  task.o(.text)
    OsTask_IdleMechanism                     0x000009e1   Thumb Code     4  task.o(.text)
    OsPort_JumpToApp                         0x000009f5   Thumb Code     0  port.o(.text)
    OsPort_PendSVHandler                     0x00000a17   Thumb Code     0  port.o(.text)
    OsPort_PushUpperContext                  0x00000a29   Thumb Code     0  port.o(.text)
    OsPort_PopUpperContext                   0x00000a37   Thumb Code     0  port.o(.text)
    OsPort_ReturnWithAutopop                 0x00000a45   Thumb Code     0  port.o(.text)
    OsErrMgr_SetServiceID                    0x00000a51   Thumb Code     6  errmgr.o(.text)
    OsErrMgr_GetServiceID                    0x00000a57   Thumb Code     6  errmgr.o(.text)
    OsErrMgr_StoreTaskID                     0x00000a5d   Thumb Code     6  errmgr.o(.text)
    OsErrMgr_GetTaskID                       0x00000a63   Thumb Code     6  errmgr.o(.text)
    OsErrMgr_StoreEventID                    0x00000a69   Thumb Code     6  errmgr.o(.text)
    OsErrMgr_GetEventID                      0x00000a6f   Thumb Code     6  errmgr.o(.text)
    OsErrMgr_StoreResID                      0x00000a75   Thumb Code     6  errmgr.o(.text)
    OsErrMgr_GetResID                        0x00000a7b   Thumb Code     6  errmgr.o(.text)
    OsErrMgr_SetOverFlowContext              0x00000a81   Thumb Code     8  errmgr.o(.text)
    OsErrMgr_GetOverFlowContext              0x00000a89   Thumb Code    14  errmgr.o(.text)
    OsRes_GetResourceProcessor               0x00000aad   Thumb Code   136  rcbprocessor.o(.text)
    OsRcb_ReleaseResourceProcessor           0x00000b35   Thumb Code   128  rcbprocessor.o(.text)
    SVCCnxt_SetErrCode                       0x00000bc9   Thumb Code     6  svccontext.o(.text)
    SVCCnxt_GetErrCode                       0x00000bcf   Thumb Code     8  svccontext.o(.text)
    SVCCnxt_TskMgrSetTskID                   0x00000bd7   Thumb Code     6  svccontext.o(.text)
    SVCCnxt_TskMgrGetTskID                   0x00000bdd   Thumb Code     8  svccontext.o(.text)
    SVCCnxt_EventMgrSetTskID                 0x00000be5   Thumb Code     6  svccontext.o(.text)
    SVCCnxt_EventMgrGetTskID                 0x00000beb   Thumb Code     8  svccontext.o(.text)
    SVCCnxt_EventMgrSetEventMsk              0x00000bf3   Thumb Code     6  svccontext.o(.text)
    SVCCnxt_EventMgrGetEventMsk              0x00000bf9   Thumb Code     8  svccontext.o(.text)
    SVCCnxt_ResMgrSetResID                   0x00000c01   Thumb Code     6  svccontext.o(.text)
    SVCCnxt_ResMgrGetResID                   0x00000c07   Thumb Code     8  svccontext.o(.text)
    OsTcb_TasksInit                          0x00000d8b   Thumb Code    48  tcbprocessor.o(.text)
    OsTcb_GetTaskState                       0x00000dcf   Thumb Code    16  tcbprocessor.o(.text)
    OsTcb_GetTaskIDProcessor                 0x00000ddf   Thumb Code     6  tcbprocessor.o(.text)
    OsTcb_ActivateTaskTCBProcesor            0x00000dff   Thumb Code   124  tcbprocessor.o(.text)
    OsTcb_GetResOccupied                     0x00000ebd   Thumb Code    16  tcbprocessor.o(.text)
    OsTcb_ChainTaskTCBProcessor              0x00000ecd   Thumb Code   178  tcbprocessor.o(.text)
    OsTcb_SetScheduleReq                     0x00000f7f   Thumb Code    18  tcbprocessor.o(.text)
    OsTcb_TerminateTaskTCBProcessor          0x00000f91   Thumb Code    82  tcbprocessor.o(.text)
    OsTcb_JumpToNextTCB                      0x00000fe3   Thumb Code   248  tcbprocessor.o(.text)
    OsTcb_SetEventProcessor                  0x00001123   Thumb Code   152  tcbprocessor.o(.text)
    OsTcb_ClearEventProcessor                0x000011bb   Thumb Code   128  tcbprocessor.o(.text)
    OsTcb_GetEventProcessor                  0x0000123b   Thumb Code    92  tcbprocessor.o(.text)
    OsTcb_WaitEventProcessor                 0x00001297   Thumb Code   154  tcbprocessor.o(.text)
    OsTcb_GetTaskStateProcessor              0x00001331   Thumb Code    60  tcbprocessor.o(.text)
    OsTcb_TaskAlrmExpiredProcessor           0x0000136d   Thumb Code    32  tcbprocessor.o(.text)
    OsTcb_EventAlrmExpiredProcessor          0x0000138d   Thumb Code    32  tcbprocessor.o(.text)
    OsTcb_SetTaskPri                         0x000013ad   Thumb Code    18  tcbprocessor.o(.text)
    OsTcb_GetTaskPriorityEx                  0x000013bf   Thumb Code    12  tcbprocessor.o(.text)
    OsTcb_SetResOccupied                     0x000013cb   Thumb Code    14  tcbprocessor.o(.text)
    OsTcb_GetCurrentTCBRef                   0x000013d9   Thumb Code     8  tcbprocessor.o(.text)
    OsTcb_GetTcbSP                           0x000013e1   Thumb Code    14  tcbprocessor.o(.text)
    OsTcb_UpdateTCBSP                        0x000013ef   Thumb Code    36  tcbprocessor.o(.text)
    OsTcb_UpdatePSP                          0x00001413   Thumb Code    58  tcbprocessor.o(.text)
    OsTcb_SilencePostTaskHook                0x0000144d   Thumb Code     8  tcbprocessor.o(.text)
    OsTcb_ScheduleProcessor                  0x00001455   Thumb Code    92  tcbprocessor.o(.text)
    OsTcb_ThreadStackOverFlow                0x000014b1   Thumb Code    44  tcbprocessor.o(.text)
    OsPort_SetInitialStack                   0x00001659   Thumb Code    90  portable.o(.text)
    OsPort_GetSVCNumber                      0x000016b3   Thumb Code    14  portable.o(.text)
    OsPort_GetPSP                            0x000016c1   Thumb Code     8  portable.o(.text)
    OsPort_SetPSP                            0x000016c9   Thumb Code     6  portable.o(.text)
    OsPort_SetThreadMode                     0x000016cf   Thumb Code    14  portable.o(.text)
    __scatterload                            0x000016dd   Thumb Code    28  init.o(.text)
    __scatterload_rt2                        0x000016dd   Thumb Code     0  init.o(.text)
    __scatterload_copy                       0x00001701   Thumb Code    14  handlers.o(i.__scatterload_copy)
    __scatterload_null                       0x0000170f   Thumb Code     2  handlers.o(i.__scatterload_null)
    __scatterload_zeroinit                   0x00001711   Thumb Code    14  handlers.o(i.__scatterload_zeroinit)
    OsCfg_MAX_NUM_OF_TASKS                   0x00001720   Data           1  oscfg.o(.constdata)
    OsCfg_MAX_NUM_OF_ALARMS                  0x00001721   Data           1  oscfg.o(.constdata)
    OsCfg_MAX_NUM_OF_RESOURCES               0x00001722   Data           1  oscfg.o(.constdata)
    OsCfg_ALL_STACK_SIZE                     0x00001724   Data           2  oscfg.o(.constdata)
    OsCfg_USE_ERROR_HOOK                     0x00001726   Data           1  oscfg.o(.constdata)
    OsCfg_USE_PRETASK_HOOK                   0x00001727   Data           1  oscfg.o(.constdata)
    OsCfg_USE_POSTTASK_HOOK                  0x00001728   Data           1  oscfg.o(.constdata)
    OsCfg_USE_STARTUP_HOOK                   0x00001729   Data           1  oscfg.o(.constdata)
    OsCfg_USE_STACK_OVER_FLOW_HOOK           0x0000172a   Data           1  oscfg.o(.constdata)
    OsCfg_USE_PARAMETER_ACCESS               0x0000172b   Data           1  oscfg.o(.constdata)
    OsCfg_USE_GET_SERVICE_ID                 0x0000172c   Data           1  oscfg.o(.constdata)
    OsCfg_SYSTEM_TICK_IN_MS                  0x00001730   Data           4  oscfg.o(.constdata)
    OSTICKDURATION                           0x00001734   Data           4  oscfg.o(.constdata)
    OsCfg_StackSize                          0x00001738   Data          12  oscfg.o(.constdata)
    OsCfg_ResourceTaskAuthorized             0x00001744   Data           3  oscfg.o(.constdata)
    OsCfg_ResourceCeilPri                    0x00001747   Data           1  oscfg.o(.constdata)
    Region$$Table$$Base                      0x00001748   Number         0  anon$$obj.o(Region$$Table)
    Region$$Table$$Limit                     0x00001768   Number         0  anon$$obj.o(Region$$Table)
    OsCfg_TCBs                               0x20000004   Data         112  oscfg.o(.data)
    SVCCnxt_ErrCodes                         0x20000074   Data           3  oscfg.o(.data)
    SVCCnxt_ResMgrCnxt                       0x20000077   Data           3  oscfg.o(.data)
    RCB                                      0x2000007a   Data           2  oscfg.o(.data)
    Current_TCB_Ref                          0x20000098   Data           4  tcbprocessor.o(.data)
    OsCfg_Stack                              0x200000a0   Data         664  oscfg.o(.bss)
    OsCfg_Alarms                             0x20000338   Data          24  oscfg.o(.bss)
    __initial_sp                             0x20000550   Data           0  keiluvisoin_startup.o(STACK)



==============================================================================

Memory Map of the image

  Image Entry point : 0x000002e1

  Load Region LR_1 (Base: 0x00000000, Size: 0x00001808, Max: 0xffffffff, ABSOLUTE)

    Execution Region ER_RO (Exec base: 0x00000000, Load base: 0x00000000, Size: 0x00001768, Max: 0xffffffff, ABSOLUTE)

    Exec Addr    Load Addr    Size         Type   Attr      Idx    E Section Name        Object

    0x00000000   0x00000000   0x0000026c   Data   RO           50    RESET               keiluvisoin_startup.o
    0x0000026c   0x0000026c   0x00000000   Code   RO          247  * .ARM.Collect$$$$00000000  mc_w.l(entry.o)
    0x0000026c   0x0000026c   0x00000004   Code   RO          250    .ARM.Collect$$$$00000001  mc_w.l(entry2.o)
    0x00000270   0x00000270   0x00000004   Code   RO          253    .ARM.Collect$$$$00000004  mc_w.l(entry5.o)
    0x00000274   0x00000274   0x00000000   Code   RO          255    .ARM.Collect$$$$00000008  mc_w.l(entry7b.o)
    0x00000274   0x00000274   0x00000000   Code   RO          257    .ARM.Collect$$$$0000000A  mc_w.l(entry8b.o)
    0x00000274   0x00000274   0x00000008   Code   RO          258    .ARM.Collect$$$$0000000B  mc_w.l(entry9a.o)
    0x0000027c   0x0000027c   0x00000000   Code   RO          260    .ARM.Collect$$$$0000000D  mc_w.l(entry10a.o)
    0x0000027c   0x0000027c   0x00000000   Code   RO          262    .ARM.Collect$$$$0000000F  mc_w.l(entry11a.o)
    0x0000027c   0x0000027c   0x00000004   Code   RO          251    .ARM.Collect$$$$00002712  mc_w.l(entry2.o)
    0x00000280   0x00000280   0x00000054   Code   RO            1    .text               counter.o
    0x000002d4   0x000002d4   0x0000000a   Code   RO           33    .text               hook.o
    0x000002de   0x000002de   0x00000002   PAD
    0x000002e0   0x000002e0   0x000000fc   Code   RO           51  * .text               keiluvisoin_startup.o
    0x000003dc   0x000003dc   0x0000008c   Code   RO           70    .text               osekintro_example6.o
    0x00000468   0x00000468   0x000003e0   Code   RO           91    .text               OsekLib.lib(alarm.o)
    0x00000848   0x00000848   0x00000044   Code   RO          129    .text               OsekLib.lib(resource.o)
    0x0000088c   0x0000088c   0x00000168   Code   RO          150    .text               OsekLib.lib(task.o)
    0x000009f4   0x000009f4   0x0000005a   Code   RO          174    .text               OsekLib.lib(port.o)
    0x00000a4e   0x00000a4e   0x00000002   PAD
    0x00000a50   0x00000a50   0x0000005c   Code   RO          177    .text               OsekLib.lib(errmgr.o)
    0x00000aac   0x00000aac   0x0000011c   Code   RO          191    .text               OsekLib.lib(rcbprocessor.o)
    0x00000bc8   0x00000bc8   0x00000058   Code   RO          203    .text               OsekLib.lib(svccontext.o)
    0x00000c20   0x00000c20   0x00000a38   Code   RO          217    .text               OsekLib.lib(tcbprocessor.o)
    0x00001658   0x00001658   0x00000084   Code   RO          232    .text               OsekLib.lib(portable.o)
    0x000016dc   0x000016dc   0x00000024   Code   RO          264    .text               mc_w.l(init.o)
    0x00001700   0x00001700   0x0000000e   Code   RO          268    i.__scatterload_copy  mc_w.l(handlers.o)
    0x0000170e   0x0000170e   0x00000002   Code   RO          269    i.__scatterload_null  mc_w.l(handlers.o)
    0x00001710   0x00001710   0x0000000e   Code   RO          270    i.__scatterload_zeroinit  mc_w.l(handlers.o)
    0x0000171e   0x0000171e   0x00000002   PAD
    0x00001720   0x00001720   0x00000028   Data   RO           57    .constdata          oscfg.o
    0x00001748   0x00001748   0x00000020   Data   RO          266    Region$$Table       anon$$obj.o


    Execution Region ER_RW (Exec base: 0x20000000, Load base: 0x00001768, Size: 0x000000a0, Max: 0xffffffff, ABSOLUTE)

    Exec Addr    Load Addr    Size         Type   Attr      Idx    E Section Name        Object

    0x20000000   0x00001768   0x00000004   Data   RW            2    .data               counter.o
    0x20000004   0x0000176c   0x00000078   Data   RW           58    .data               oscfg.o
    0x2000007c   0x000017e4   0x0000000c   Data   RW           71    .data               osekintro_example6.o
    0x20000088   0x000017f0   0x0000000c   Data   RW          178    .data               OsekLib.lib(errmgr.o)
    0x20000094   0x000017fc   0x00000003   Data   RW          204    .data               OsekLib.lib(svccontext.o)
    0x20000097   0x000017ff   0x00000001   PAD
    0x20000098   0x00001800   0x00000006   Data   RW          218    .data               OsekLib.lib(tcbprocessor.o)


    Execution Region ER_ZI (Exec base: 0x200000a0, Load base: 0x00001808, Size: 0x000004b0, Max: 0xffffffff, ABSOLUTE)

    Exec Addr    Load Addr    Size         Type   Attr      Idx    E Section Name        Object

    0x200000a0        -       0x000002b0   Zero   RW           56    .bss                oscfg.o
    0x20000350        -       0x00000200   Zero   RW           48    STACK               keiluvisoin_startup.o


==============================================================================

Image component sizes


      Code (inc. data)   RO Data    RW Data    ZI Data      Debug   Object Name

        84         12          0          4          0       8090   counter.o
        10          0          0          0          0       3383   hook.o
       252         10        620          0        512       5516   keiluvisoin_startup.o
         0          0         40        120        688       2045   oscfg.o
       140         14          0         12          0       1529   osekintro_example6.o

    ----------------------------------------------------------------------
       488         36        692        136       1200      20563   Object Totals
         0          0         32          0          0          0   (incl. Generated)
         2          0          0          0          0          0   (incl. Padding)

    ----------------------------------------------------------------------

      Code (inc. data)   RO Data    RW Data    ZI Data      Debug   Library Member Name

       992         20          0          0          0      10084   alarm.o
        92         22          0         12          0       2466   errmgr.o
        90          0          0          0          0        256   port.o
       132          0          0          0          0       1602   portable.o
       284         20          0          0          0        864   rcbprocessor.o
        68          0          0          0          0       1038   resource.o
        88         18          0          3          0       2614   svccontext.o
       360         26          0          0          0       2643   task.o
      2616        114          0          6          0      10812   tcbprocessor.o
         0          0          0          0          0          0   entry.o
         0          0          0          0          0          0   entry10a.o
         0          0          0          0          0          0   entry11a.o
         8          4          0          0          0          0   entry2.o
         4          0          0          0          0          0   entry5.o
         0          0          0          0          0          0   entry7b.o
         0          0          0          0          0          0   entry8b.o
         8          4          0          0          0          0   entry9a.o
        30          0          0          0          0          0   handlers.o
        36          8          0          0          0         68   init.o

    ----------------------------------------------------------------------
      4812        236          0         24          0      32447   Library Totals
         4          0          0          3          0          0   (incl. Padding)

    ----------------------------------------------------------------------

      Code (inc. data)   RO Data    RW Data    ZI Data      Debug   Library Name

      4722        220          0         21          0      32379   OsekLib.lib
        86         16          0          0          0         68   mc_w.l

    ----------------------------------------------------------------------
      4812        236          0         24          0      32447   Library Totals

    ----------------------------------------------------------------------

==============================================================================


      Code (inc. data)   RO Data    RW Data    ZI Data      Debug   

      5300        272        692        160       1200      52174   Grand Totals
      5300        272        692        160       1200      52174   ELF Image Totals
      5300        272        692        160          0          0   ROM Totals

==============================================================================

    Total RO  Size (Code + RO Data)                 5992 (   5.85kB)
    Total RW  Size (RW Data + ZI Data)              1360 (   1.33kB)
    Total ROM Size (Code + RO Data + RW Data)       6152 (   6.01kB)

==============================================================================

